BL51 BANKED LINKER/LOCATER V4.14                                                        05/04/2005  06:42:51  PAGE 1


BL51 BANKED LINKER/LOCATER V4.14, INVOKED BY:
C:\KEIL\C51\BIN\BL51.EXE demo1.obj, OS_CPU_C.obj, UCOS_II.obj, OS_CPU_A.obj, Startup.obj, C:\Keil\C51\LIB\C51L.LIB TO de
>> mo1 RAMSIZE (256)


INPUT MODULES INCLUDED:
  demo1.obj (DEMO1)
  OS_CPU_C.obj (OS_CPU_C)
  UCOS_II.obj (UCOS_II)
  OS_CPU_A.obj (OS_CPU_A)
  Startup.obj (?C_STARTUP)
  C:\Keil\C51\LIB\C51L.LIB (?C?COPY)
  C:\Keil\C51\LIB\C51L.LIB (?C?CLDOPTR)
  C:\Keil\C51\LIB\C51L.LIB (?C?CSTPTR)
  C:\Keil\C51\LIB\C51L.LIB (?C?CSTOPTR)
  C:\Keil\C51\LIB\C51L.LIB (?C?IMUL)
  C:\Keil\C51\LIB\C51L.LIB (?C?IILDX)
  C:\Keil\C51\LIB\C51L.LIB (?C?ILDIX)
  C:\Keil\C51\LIB\C51L.LIB (?C?ILDOPTR)
  C:\Keil\C51\LIB\C51L.LIB (?C?IILDOPTR)
  C:\Keil\C51\LIB\C51L.LIB (?C?ISTOPTR)
  C:\Keil\C51\LIB\C51L.LIB (?C?LMUL)
  C:\Keil\C51\LIB\C51L.LIB (?C?ULDIV)
  C:\Keil\C51\LIB\C51L.LIB (?C?LSTXDATA)
  C:\Keil\C51\LIB\C51L.LIB (?C?LSTKXDATA)
  C:\Keil\C51\LIB\C51L.LIB (?C?OFFXADD)
  C:\Keil\C51\LIB\C51L.LIB (?C?PSTPTR)
  C:\Keil\C51\LIB\C51L.LIB (?C?PLDOPTR)
  C:\Keil\C51\LIB\C51L.LIB (?C?PSTOPTR)
  C:\Keil\C51\LIB\C51L.LIB (?C_XBP)
  C:\Keil\C51\LIB\C51L.LIB (?C?ADDXBP)
  C:\Keil\C51\LIB\C51L.LIB (?C?XBPOFF)
  C:\Keil\C51\LIB\C51L.LIB (?C?PLDIDATA)
  C:\Keil\C51\LIB\C51L.LIB (?C?PSTIDATA)
  C:\Keil\C51\LIB\C51L.LIB (?C?PLDXDATA)
  C:\Keil\C51\LIB\C51L.LIB (?C?PSTXDATA)
  C:\Keil\C51\LIB\C51L.LIB (?C?PLDPDATA)
  C:\Keil\C51\LIB\C51L.LIB (?C?PSTPDATA)
  C:\Keil\C51\LIB\C51L.LIB (?C?PLDCODE)


LINK MAP OF MODULE:  demo1 (DEMO1)


            TYPE    BASE      LENGTH    RELOCATION   SEGMENT NAME
            -----------------------------------------------------

            * * * * * * *   D A T A   M E M O R Y   * * * * * * *
            REG     0000H     0008H     ABSOLUTE     "REG BANK 0"
            DATA    0008H     0002H     UNIT         ?C?LIB_DATA
            IDATA   000AH     0009H     UNIT         ?ID?UCOS_II
            IDATA   0013H     0041H     UNIT         ?STACK

            * * * * * * *  X D A T A   M E M O R Y  * * * * * * *
            XDATA   0000H     05EBH     UNIT         ?XD?UCOS_II
            XDATA   05EBH     0384H     UNIT         ?XD?DEMO1

            * * * * * * *   C O D E   M E M O R Y   * * * * * * *
BL51 BANKED LINKER/LOCATER V4.14                                                      05/04/2005  06:42:51  PAGE 2


            CODE    0000H     0003H     ABSOLUTE     
            CODE    0003H     0005H     UNIT         ?PR?_?OSVERSION?UCOS_II
            CODE    0008H     0001H     UNIT         ?PR?_?OSTASKSWHOOK?OS_CPU_C
            CODE    0009H     0001H     UNIT         ?PR?_?OSTASKSTATHOOK?OS_CPU_C
            CODE    000AH     0001H     UNIT         ?PR?_?OSTIMETICKHOOK?OS_CPU_C
            CODE    000BH     0003H     ABSOLUTE     
            CODE    000EH     0012H     UNIT         ?C_C51STARTUP
            CODE    0020H     0001H     UNIT         ?PR?_?OSDUMMY?UCOS_II
                    0021H     0002H                  *** GAP ***
            CODE    0023H     0003H     ABSOLUTE     
            CODE    0026H     04F8H     UNIT         ?C?LIB_CODE
            CODE    051EH     028BH     UNIT         ?PR?_?OSTCBINIT?UCOS_II
            CODE    07A9H     0277H     UNIT         ?PR?_?OSTASKSTKINIT?OS_CPU_C
            CODE    0A20H     0208H     UNIT         ?PR?_?OSINIT?UCOS_II
            CODE    0C28H     01D2H     UNIT         ?PR?_?OSTIMEDLYHMSM?UCOS_II
            CODE    0DFAH     018EH     UNIT         ?PR?_?OSTASKCREATE?UCOS_II
            CODE    0F88H     011DH     UNIT         ?PR?_?OSTIMETICK?UCOS_II
            CODE    10A5H     0108H     UNIT         ?CO?UCOS_II
            CODE    11ADH     00F1H     UNIT         ?PR?_?OSTIMEDLYRESUME?UCOS_II
            CODE    129EH     00C2H     UNIT         ?PR?_?OSTASKQUERY?UCOS_II
            CODE    1360H     008FH     UNIT         ?PR?_?OSSCHED?UCOS_II
            CODE    13EFH     008BH     UNIT         ?PR?_?OSTIMEDLY?UCOS_II
            CODE    147AH     0085H     UNIT         ?PR?_?OSINTEXIT?UCOS_II
            CODE    14FFH     006EH     UNIT         ?PR?_?OSSTART?UCOS_II
            CODE    156DH     0066H     UNIT         ?PR?OSCTXSW?OS_CPU_A
            CODE    15D3H     005AH     UNIT         ?PR?OSTICKISR?OS_CPU_A
            CODE    162DH     0052H     UNIT         ?PR?OSSTARTHIGHRDY?OS_CPU_A
            CODE    167FH     004EH     UNIT         ?PR?_?OSTASKIDLE?UCOS_II
            CODE    16CDH     004CH     UNIT         ?PR?_?SERIAL?OS_CPU_A
            CODE    1719H     0043H     UNIT         ?PR?MAIN?DEMO1
            CODE    175CH     0038H     UNIT         ?PR?_?OSTIMEGET?UCOS_II
            CODE    1794H     0034H     UNIT         ?PR?_?TASKSTART?DEMO1
            CODE    17C8H     002FH     UNIT         ?PR?_?OSTASKCREATEHOOK?OS_CPU_C
            CODE    17F7H     002FH     UNIT         ?PR?_?OSTASKDELHOOK?OS_CPU_C
            CODE    1826H     002CH     UNIT         ?PR?_?OSSCHEDUNLOCK?UCOS_II
            CODE    1852H     002AH     UNIT         ?PR?_?OSTIMESET?UCOS_II
            CODE    187CH     0011H     UNIT         ?PR?_?OSSCHEDLOCK?UCOS_II
            CODE    188DH     000FH     UNIT         ?PR?_?INITTIMER0?OS_CPU_C
            CODE    189CH     000BH     UNIT         ?PR?_?OSINTENTER?UCOS_II
            CODE    18A7H     000AH     UNIT         ?PR?OSINTCTXSW?OS_CPU_A



UNRESOLVED EXTERNAL SYMBOLS:
   _?SERIAL
   _?TASKSTAR



SYMBOL TABLE OF MODULE:  demo1 (DEMO1)

  VALUE           TYPE          NAME
  ----------------------------------

  -------         MODULE        DEMO1
  C:1719H         SEGMENT       ?PR?MAIN?DEMO1
  C:1794H         SEGMENT       ?PR?_?TASKSTART?DEMO1
BL51 BANKED LINKER/LOCATER V4.14                                                      05/04/2005  06:42:51  PAGE 3


  X:05EBH         SEGMENT       ?XD?DEMO1
  C:1719H         PUBLIC        MAIN
  X:05EBH         PUBLIC        TASKSTARTSTK
  C:1794H         PUBLIC        _?TASKSTART
  C:17BFH         SYMBOL        ?C0002
  B:00D0H.6       SYMBOL        AC
  D:00E0H         SYMBOL        ACC
  D:00F0H         SYMBOL        B
  B:00D0H.7       SYMBOL        CY
  N:0000H         SYMBOL        DEMO1
  D:0083H         SYMBOL        DPH
  D:0082H         SYMBOL        DPL
  B:00A8H.7       SYMBOL        EA
  B:00A8H.4       SYMBOL        ES
  B:00A8H.1       SYMBOL        ET0
  B:00A8H.3       SYMBOL        ET1
  B:00A8H.0       SYMBOL        EX0
  B:00A8H.2       SYMBOL        EX1
  B:00D0H.5       SYMBOL        F0
  D:00A8H         SYMBOL        IE
  B:0088H.1       SYMBOL        IE0
  B:0088H.3       SYMBOL        IE1
  B:00B0H.2       SYMBOL        INT0
  B:00B0H.3       SYMBOL        INT1
  D:00B8H         SYMBOL        IP
  B:0088H.0       SYMBOL        IT0
  B:0088H.2       SYMBOL        IT1
  B:00D0H.2       SYMBOL        OV
  B:00D0H.0       SYMBOL        P
  D:0080H         SYMBOL        P0
  D:0090H         SYMBOL        P1
  D:00A0H         SYMBOL        P2
  D:00B0H         SYMBOL        P3
  D:0087H         SYMBOL        PCON
  B:00B8H.4       SYMBOL        PS
  D:00D0H         SYMBOL        PSW
  B:00B8H.1       SYMBOL        PT0
  B:00B8H.3       SYMBOL        PT1
  B:00B8H.0       SYMBOL        PX0
  B:00B8H.2       SYMBOL        PX1
  B:0098H.2       SYMBOL        RB8
  B:00B0H.7       SYMBOL        RD
  B:0098H.4       SYMBOL        REN
  B:0098H.0       SYMBOL        RI
  B:00D0H.3       SYMBOL        RS0
  B:00D0H.4       SYMBOL        RS1
  B:00B0H.0       SYMBOL        RXD
  D:0099H         SYMBOL        SBUF
  D:0098H         SYMBOL        SCON
  B:0098H.7       SYMBOL        SM0
  B:0098H.6       SYMBOL        SM1
  B:0098H.5       SYMBOL        SM2
  D:0081H         SYMBOL        SP
  B:00B0H.4       SYMBOL        T0
  B:00B0H.5       SYMBOL        T1
  B:0098H.3       SYMBOL        TB8
  D:0088H         SYMBOL        TCON
BL51 BANKED LINKER/LOCATER V4.14                                                      05/04/2005  06:42:51  PAGE 4


  B:0088H.5       SYMBOL        TF0
  B:0088H.7       SYMBOL        TF1
  D:008CH         SYMBOL        TH0
  D:008DH         SYMBOL        TH1
  B:0098H.1       SYMBOL        TI
  D:008AH         SYMBOL        TL0
  D:008BH         SYMBOL        TL1
  D:0089H         SYMBOL        TMOD
  B:0088H.4       SYMBOL        TR0
  B:0088H.6       SYMBOL        TR1
  B:00B0H.1       SYMBOL        TXD
  B:00B0H.6       SYMBOL        WR
  C:1719H         LINE#         103
  C:171CH         LINE#         107
  C:171FH         LINE#         111
  C:1722H         LINE#         112
  C:1725H         LINE#         113
  C:1727H         LINE#         114
  C:1728H         LINE#         115
  C:172AH         LINE#         116
  C:172CH         LINE#         117
  C:172EH         LINE#         118
  C:1731H         LINE#         119
  C:1734H         LINE#         120
  C:1735H         LINE#         121
  C:1736H         LINE#         122
  C:1737H         LINE#         123
  C:1738H         LINE#         124
  C:1739H         LINE#         125
  C:173AH         LINE#         126
  C:173BH         LINE#         127
  C:173CH         LINE#         128
  C:173EH         LINE#         129
  C:1740H         LINE#         130
  C:1742H         LINE#         131
  C:1745H         LINE#         132
  C:1748H         LINE#         133
  C:1749H         LINE#         134
  C:174AH         LINE#         135
  C:174BH         LINE#         136
  C:174CH         LINE#         137
  C:174DH         LINE#         138
  C:174EH         LINE#         139
  C:174FH         LINE#         140
  C:1750H         LINE#         141
  C:1752H         LINE#         142
  C:1754H         LINE#         143
  C:1756H         LINE#         144
  C:1759H         LINE#         148
  C:1794H         LINE#         160
  C:1797H         LINE#         161
  C:179AH         LINE#         162
  C:179BH         LINE#         163
  C:179CH         LINE#         164
  C:179DH         LINE#         165
  C:179EH         LINE#         166
  C:179FH         LINE#         167
BL51 BANKED LINKER/LOCATER V4.14                                                      05/04/2005  06:42:51  PAGE 5


  C:17A0H         LINE#         168
  C:17A1H         LINE#         169
  C:17A2H         LINE#         173
  C:17A5H         LINE#         174
  C:17A8H         LINE#         175
  C:17A9H         LINE#         176
  C:17AAH         LINE#         177
  C:17ABH         LINE#         178
  C:17ACH         LINE#         179
  C:17ADH         LINE#         180
  C:17AEH         LINE#         181
  C:17AFH         LINE#         182
  C:17B2H         LINE#         183
  C:17B5H         LINE#         184
  C:17B6H         LINE#         185
  C:17B7H         LINE#         186
  C:17B8H         LINE#         187
  C:17B9H         LINE#         188
  C:17BAH         LINE#         189
  C:17BBH         LINE#         190
  C:17BCH         LINE#         191
  C:17BDH         LINE#         199
  C:17BFH         LINE#         206
  C:17C1H         LINE#         207
  C:17C3H         LINE#         208
  C:17C6H         LINE#         211
  -------         ENDMOD        DEMO1

  -------         MODULE        OS_CPU_C
  C:07A9H         SEGMENT       ?PR?_?OSTASKSTKINIT?OS_CPU_C
  C:17C8H         SEGMENT       ?PR?_?OSTASKCREATEHOOK?OS_CPU_C
  C:17F7H         SEGMENT       ?PR?_?OSTASKDELHOOK?OS_CPU_C
  C:0008H         SEGMENT       ?PR?_?OSTASKSWHOOK?OS_CPU_C
  C:0009H         SEGMENT       ?PR?_?OSTASKSTATHOOK?OS_CPU_C
  C:000AH         SEGMENT       ?PR?_?OSTIMETICKHOOK?OS_CPU_C
  C:188DH         SEGMENT       ?PR?_?INITTIMER0?OS_CPU_C
  C:188DH         PUBLIC        _?INITTIMER0
  C:17C8H         PUBLIC        _?OSTASKCREATEHOOK
  C:17F7H         PUBLIC        _?OSTASKDELHOOK
  C:0009H         PUBLIC        _?OSTASKSTATHOOK
  C:07A9H         PUBLIC        _?OSTASKSTKINIT
  C:0008H         PUBLIC        _?OSTASKSWHOOK
  C:000AH         PUBLIC        _?OSTIMETICKHOOK
  C:0A1AH         SYMBOL        ?C0001
  B:00D0H.6       SYMBOL        AC
  D:00E0H         SYMBOL        ACC
  D:00F0H         SYMBOL        B
  B:00D0H.7       SYMBOL        CY
  D:0083H         SYMBOL        DPH
  D:0082H         SYMBOL        DPL
  B:00A8H.7       SYMBOL        EA
  B:00A8H.4       SYMBOL        ES
  B:00A8H.1       SYMBOL        ET0
  B:00A8H.3       SYMBOL        ET1
  B:00A8H.0       SYMBOL        EX0
  B:00A8H.2       SYMBOL        EX1
  B:00D0H.5       SYMBOL        F0
BL51 BANKED LINKER/LOCATER V4.14                                                      05/04/2005  06:42:51  PAGE 6


  D:00A8H         SYMBOL        IE
  B:0088H.1       SYMBOL        IE0
  B:0088H.3       SYMBOL        IE1
  B:00B0H.2       SYMBOL        INT0
  B:00B0H.3       SYMBOL        INT1
  D:00B8H         SYMBOL        IP
  B:0088H.0       SYMBOL        IT0
  B:0088H.2       SYMBOL        IT1
  N:0000H         SYMBOL        OS_CPU_C
  B:00D0H.2       SYMBOL        OV
  B:00D0H.0       SYMBOL        P
  D:0080H         SYMBOL        P0
  D:0090H         SYMBOL        P1
  D:00A0H         SYMBOL        P2
  D:00B0H         SYMBOL        P3
  D:0087H         SYMBOL        PCON
  B:00B8H.4       SYMBOL        PS
  D:00D0H         SYMBOL        PSW
  B:00B8H.1       SYMBOL        PT0
  B:00B8H.3       SYMBOL        PT1
  B:00B8H.0       SYMBOL        PX0
  B:00B8H.2       SYMBOL        PX1
  B:0098H.2       SYMBOL        RB8
  B:00B0H.7       SYMBOL        RD
  B:0098H.4       SYMBOL        REN
  B:0098H.0       SYMBOL        RI
  B:00D0H.3       SYMBOL        RS0
  B:00D0H.4       SYMBOL        RS1
  B:00B0H.0       SYMBOL        RXD
  D:0099H         SYMBOL        SBUF
  D:0098H         SYMBOL        SCON
  B:0098H.7       SYMBOL        SM0
  B:0098H.6       SYMBOL        SM1
  B:0098H.5       SYMBOL        SM2
  D:0081H         SYMBOL        SP
  B:00B0H.4       SYMBOL        T0
  B:00B0H.5       SYMBOL        T1
  B:0098H.3       SYMBOL        TB8
  D:0088H         SYMBOL        TCON
  B:0088H.5       SYMBOL        TF0
  B:0088H.7       SYMBOL        TF1
  D:008CH         SYMBOL        TH0
  D:008DH         SYMBOL        TH1
  B:0098H.1       SYMBOL        TI
  D:008AH         SYMBOL        TL0
  D:008BH         SYMBOL        TL1
  D:0089H         SYMBOL        TMOD
  B:0088H.4       SYMBOL        TR0
  B:0088H.6       SYMBOL        TR1
  B:00B0H.1       SYMBOL        TXD
  B:00B0H.6       SYMBOL        WR
  C:07A9H         LINE#         166
  C:07ACH         LINE#         167
  C:07AFH         LINE#         168
  C:07B0H         LINE#         169
  C:07B1H         LINE#         170
  C:07B2H         LINE#         171
BL51 BANKED LINKER/LOCATER V4.14                                                      05/04/2005  06:42:51  PAGE 7


  C:07B3H         LINE#         172
  C:07B4H         LINE#         173
  C:07B5H         LINE#         174
  C:07B6H         LINE#         175
  C:07B7H         LINE#         176
  C:07BAH         LINE#         177
  C:07BDH         LINE#         183
  C:07C0H         LINE#         184
  C:07C3H         LINE#         185
  C:07C4H         LINE#         186
  C:07C5H         LINE#         187
  C:07C6H         LINE#         188
  C:07C7H         LINE#         189
  C:07C8H         LINE#         190
  C:07C9H         LINE#         191
  C:07CAH         LINE#         192
  C:07CBH         LINE#         193
  C:07CEH         LINE#         194
  C:07D1H         LINE#         195
  C:07D2H         LINE#         196
  C:07D3H         LINE#         197
  C:07D4H         LINE#         198
  C:07D5H         LINE#         199
  C:07D6H         LINE#         200
  C:07D7H         LINE#         201
  C:07D8H         LINE#         202
  C:07D9H         LINE#         205
  C:07DCH         LINE#         206
  C:07DFH         LINE#         207
  C:07E0H         LINE#         208
  C:07E1H         LINE#         209
  C:07E2H         LINE#         210
  C:07E3H         LINE#         211
  C:07E4H         LINE#         212
  C:07E7H         LINE#         213
  C:07EAH         LINE#         214
  C:07EBH         LINE#         215
  C:07ECH         LINE#         216
  C:07EDH         LINE#         217
  C:07EEH         LINE#         218
  C:07EFH         LINE#         221
  C:07F2H         LINE#         222
  C:07F5H         LINE#         223
  C:07F6H         LINE#         224
  C:07F7H         LINE#         225
  C:07F8H         LINE#         226
  C:07F9H         LINE#         227
  C:07FAH         LINE#         228
  C:07FBH         LINE#         229
  C:07FCH         LINE#         230
  C:07FFH         LINE#         231
  C:0802H         LINE#         232
  C:0803H         LINE#         233
  C:0804H         LINE#         234
  C:0805H         LINE#         235
  C:0806H         LINE#         236
  C:0807H         LINE#         237
BL51 BANKED LINKER/LOCATER V4.14                                                      05/04/2005  06:42:51  PAGE 8


  C:0808H         LINE#         238
  C:0809H         LINE#         239
  C:080AH         LINE#         242
  C:080DH         LINE#         243
  C:0810H         LINE#         244
  C:0811H         LINE#         245
  C:0812H         LINE#         246
  C:0813H         LINE#         247
  C:0814H         LINE#         248
  C:0817H         LINE#         249
  C:081AH         LINE#         250
  C:081CH         LINE#         251
  C:081DH         LINE#         252
  C:081FH         LINE#         253
  C:0822H         LINE#         256
  C:0825H         LINE#         257
  C:0828H         LINE#         258
  C:0829H         LINE#         259
  C:082AH         LINE#         260
  C:082BH         LINE#         261
  C:082CH         LINE#         262
  C:082DH         LINE#         263
  C:082EH         LINE#         264
  C:0831H         LINE#         265
  C:0834H         LINE#         266
  C:0835H         LINE#         267
  C:0836H         LINE#         268
  C:0837H         LINE#         269
  C:0838H         LINE#         270
  C:083BH         LINE#         271
  C:083EH         LINE#         272
  C:0840H         LINE#         273
  C:0841H         LINE#         274
  C:0842H         LINE#         275
  C:0845H         LINE#         278
  C:0848H         LINE#         279
  C:084BH         LINE#         280
  C:084CH         LINE#         281
  C:084DH         LINE#         282
  C:084EH         LINE#         283
  C:084FH         LINE#         284
  C:0850H         LINE#         285
  C:0851H         LINE#         286
  C:0852H         LINE#         287
  C:0853H         LINE#         288
  C:0856H         LINE#         289
  C:0859H         LINE#         290
  C:085AH         LINE#         291
  C:085BH         LINE#         292
  C:085CH         LINE#         293
  C:085DH         LINE#         294
  C:0860H         LINE#         295
  C:0863H         LINE#         296
  C:0865H         LINE#         297
  C:0866H         LINE#         298
  C:0867H         LINE#         299
  C:086AH         LINE#         302
BL51 BANKED LINKER/LOCATER V4.14                                                      05/04/2005  06:42:51  PAGE 9


  C:086DH         LINE#         303
  C:0870H         LINE#         304
  C:0871H         LINE#         305
  C:0872H         LINE#         306
  C:0873H         LINE#         307
  C:0874H         LINE#         308
  C:0877H         LINE#         309
  C:087AH         LINE#         310
  C:087CH         LINE#         311
  C:087DH         LINE#         312
  C:087EH         LINE#         313
  C:0881H         LINE#         316
  C:0884H         LINE#         317
  C:0887H         LINE#         318
  C:0888H         LINE#         319
  C:0889H         LINE#         320
  C:088AH         LINE#         321
  C:088BH         LINE#         322
  C:088EH         LINE#         323
  C:0891H         LINE#         324
  C:0893H         LINE#         325
  C:0894H         LINE#         326
  C:0896H         LINE#         327
  C:0899H         LINE#         330
  C:089CH         LINE#         331
  C:089FH         LINE#         332
  C:08A0H         LINE#         333
  C:08A1H         LINE#         334
  C:08A2H         LINE#         335
  C:08A3H         LINE#         336
  C:08A6H         LINE#         337
  C:08A9H         LINE#         338
  C:08ABH         LINE#         339
  C:08ACH         LINE#         340
  C:08AEH         LINE#         341
  C:08B1H         LINE#         344
  C:08B4H         LINE#         345
  C:08B7H         LINE#         346
  C:08B8H         LINE#         347
  C:08B9H         LINE#         348
  C:08BAH         LINE#         349
  C:08BBH         LINE#         350
  C:08BEH         LINE#         351
  C:08C1H         LINE#         352
  C:08C3H         LINE#         353
  C:08C4H         LINE#         354
  C:08C5H         LINE#         355
  C:08C8H         LINE#         358
  C:08CBH         LINE#         359
  C:08CEH         LINE#         360
  C:08CFH         LINE#         361
  C:08D0H         LINE#         362
  C:08D1H         LINE#         363
  C:08D2H         LINE#         364
  C:08D5H         LINE#         365
  C:08D8H         LINE#         366
  C:08DAH         LINE#         367
BL51 BANKED LINKER/LOCATER V4.14                                                      05/04/2005  06:42:51  PAGE 10


  C:08DBH         LINE#         368
  C:08DCH         LINE#         369
  C:08DFH         LINE#         372
  C:08E2H         LINE#         373
  C:08E5H         LINE#         374
  C:08E6H         LINE#         375
  C:08E7H         LINE#         376
  C:08E8H         LINE#         377
  C:08E9H         LINE#         378
  C:08ECH         LINE#         379
  C:08EFH         LINE#         380
  C:08F1H         LINE#         381
  C:08F2H         LINE#         382
  C:08F3H         LINE#         383
  C:08F6H         LINE#         389
  C:08F9H         LINE#         390
  C:08FCH         LINE#         391
  C:08FDH         LINE#         392
  C:08FEH         LINE#         393
  C:08FFH         LINE#         394
  C:0900H         LINE#         395
  C:0901H         LINE#         396
  C:0902H         LINE#         397
  C:0905H         LINE#         398
  C:0908H         LINE#         399
  C:0909H         LINE#         400
  C:090AH         LINE#         401
  C:090BH         LINE#         402
  C:090CH         LINE#         403
  C:090FH         LINE#         404
  C:0912H         LINE#         405
  C:0914H         LINE#         406
  C:0915H         LINE#         407
  C:0916H         LINE#         408
  C:0919H         LINE#         411
  C:091CH         LINE#         412
  C:091FH         LINE#         413
  C:0920H         LINE#         414
  C:0921H         LINE#         415
  C:0922H         LINE#         416
  C:0923H         LINE#         417
  C:0924H         LINE#         418
  C:0925H         LINE#         419
  C:0926H         LINE#         420
  C:0927H         LINE#         421
  C:092AH         LINE#         422
  C:092DH         LINE#         423
  C:092EH         LINE#         424
  C:092FH         LINE#         425
  C:0930H         LINE#         426
  C:0931H         LINE#         427
  C:0934H         LINE#         428
  C:0937H         LINE#         429
  C:0939H         LINE#         430
  C:093AH         LINE#         431
  C:093BH         LINE#         432
  C:093EH         LINE#         435
BL51 BANKED LINKER/LOCATER V4.14                                                      05/04/2005  06:42:51  PAGE 11


  C:0941H         LINE#         436
  C:0944H         LINE#         437
  C:0945H         LINE#         438
  C:0946H         LINE#         439
  C:0947H         LINE#         440
  C:0948H         LINE#         441
  C:094BH         LINE#         442
  C:094EH         LINE#         443
  C:0950H         LINE#         444
  C:0951H         LINE#         445
  C:0953H         LINE#         446
  C:0956H         LINE#         450
  C:0959H         LINE#         451
  C:095CH         LINE#         452
  C:095DH         LINE#         453
  C:095EH         LINE#         454
  C:095FH         LINE#         455
  C:0960H         LINE#         456
  C:0963H         LINE#         457
  C:0966H         LINE#         458
  C:0968H         LINE#         459
  C:0969H         LINE#         460
  C:096BH         LINE#         461
  C:096EH         LINE#         464
  C:0971H         LINE#         465
  C:0974H         LINE#         466
  C:0975H         LINE#         467
  C:0976H         LINE#         468
  C:0977H         LINE#         469
  C:0978H         LINE#         470
  C:097BH         LINE#         471
  C:097EH         LINE#         472
  C:0980H         LINE#         473
  C:0981H         LINE#         474
  C:0983H         LINE#         475
  C:0986H         LINE#         478
  C:0989H         LINE#         479
  C:098CH         LINE#         480
  C:098DH         LINE#         481
  C:098EH         LINE#         482
  C:098FH         LINE#         483
  C:0990H         LINE#         484
  C:0993H         LINE#         485
  C:0996H         LINE#         486
  C:0998H         LINE#         487
  C:0999H         LINE#         488
  C:099BH         LINE#         489
  C:099EH         LINE#         492
  C:09A1H         LINE#         493
  C:09A4H         LINE#         494
  C:09A5H         LINE#         495
  C:09A6H         LINE#         496
  C:09A7H         LINE#         497
  C:09A8H         LINE#         498
  C:09ABH         LINE#         499
  C:09AEH         LINE#         500
  C:09B0H         LINE#         501
BL51 BANKED LINKER/LOCATER V4.14                                                      05/04/2005  06:42:51  PAGE 12


  C:09B1H         LINE#         502
  C:09B3H         LINE#         503
  C:09B6H         LINE#         507
  C:09B9H         LINE#         508
  C:09BCH         LINE#         509
  C:09BDH         LINE#         510
  C:09BEH         LINE#         511
  C:09BFH         LINE#         512
  C:09C0H         LINE#         513
  C:09C1H         LINE#         514
  C:09C2H         LINE#         515
  C:09C4H         LINE#         516
  C:09C5H         LINE#         517
  C:09C6H         LINE#         518
  C:09C8H         LINE#         519
  C:09C9H         LINE#         520
  C:09CCH         LINE#         521
  C:09CFH         LINE#         522
  C:09D0H         LINE#         523
  C:09D1H         LINE#         524
  C:09D2H         LINE#         525
  C:09D3H         LINE#         526
  C:09D6H         LINE#         527
  C:09D9H         LINE#         528
  C:09DBH         LINE#         529
  C:09DCH         LINE#         530
  C:09DDH         LINE#         531
  C:09E0H         LINE#         534
  C:09E3H         LINE#         535
  C:09E6H         LINE#         536
  C:09E7H         LINE#         537
  C:09E8H         LINE#         538
  C:09E9H         LINE#         539
  C:09EAH         LINE#         540
  C:09EBH         LINE#         541
  C:09ECH         LINE#         542
  C:09EEH         LINE#         543
  C:09EFH         LINE#         544
  C:09F0H         LINE#         545
  C:09F2H         LINE#         546
  C:09F4H         LINE#         547
  C:09F5H         LINE#         548
  C:09F8H         LINE#         549
  C:09FBH         LINE#         550
  C:09FCH         LINE#         551
  C:09FDH         LINE#         552
  C:09FEH         LINE#         553
  C:09FFH         LINE#         554
  C:0A02H         LINE#         555
  C:0A05H         LINE#         556
  C:0A07H         LINE#         557
  C:0A08H         LINE#         558
  C:0A09H         LINE#         559
  C:0A0CH         LINE#         563
  C:0A0FH         LINE#         564
  C:0A12H         LINE#         565
  C:0A13H         LINE#         566
BL51 BANKED LINKER/LOCATER V4.14                                                      05/04/2005  06:42:51  PAGE 13


  C:0A14H         LINE#         567
  C:0A15H         LINE#         568
  C:0A16H         LINE#         569
  C:0A17H         LINE#         570
  C:0A18H         LINE#         571
  C:0A19H         LINE#         572
  C:0A1AH         LINE#         576
  C:0A1DH         LINE#         577
  C:17C8H         LINE#         599
  C:17CBH         LINE#         600
  C:17CEH         LINE#         601
  C:17CFH         LINE#         602
  C:17D0H         LINE#         603
  C:17D1H         LINE#         604
  C:17D2H         LINE#         605
  C:17D3H         LINE#         606
  C:17D4H         LINE#         607
  C:17D5H         LINE#         608
  C:17D6H         LINE#         612
  C:17D9H         LINE#         613
  C:17DCH         LINE#         614
  C:17DDH         LINE#         615
  C:17DEH         LINE#         616
  C:17DFH         LINE#         617
  C:17E0H         LINE#         618
  C:17E1H         LINE#         619
  C:17E2H         LINE#         620
  C:17E3H         LINE#         621
  C:17E6H         LINE#         622
  C:17E9H         LINE#         623
  C:17EAH         LINE#         624
  C:17EBH         LINE#         625
  C:17ECH         LINE#         626
  C:17EDH         LINE#         627
  C:17EEH         LINE#         628
  C:17EFH         LINE#         629
  C:17F0H         LINE#         630
  C:17F1H         LINE#         633
  C:17F4H         LINE#         634
  C:17F7H         LINE#         656
  C:17FAH         LINE#         657
  C:17FDH         LINE#         658
  C:17FEH         LINE#         659
  C:17FFH         LINE#         660
  C:1800H         LINE#         661
  C:1801H         LINE#         662
  C:1802H         LINE#         663
  C:1803H         LINE#         664
  C:1804H         LINE#         665
  C:1805H         LINE#         669
  C:1808H         LINE#         670
  C:180BH         LINE#         671
  C:180CH         LINE#         672
  C:180DH         LINE#         673
  C:180EH         LINE#         674
  C:180FH         LINE#         675
  C:1810H         LINE#         676
BL51 BANKED LINKER/LOCATER V4.14                                                      05/04/2005  06:42:51  PAGE 14


  C:1811H         LINE#         677
  C:1812H         LINE#         678
  C:1815H         LINE#         679
  C:1818H         LINE#         680
  C:1819H         LINE#         681
  C:181AH         LINE#         682
  C:181BH         LINE#         683
  C:181CH         LINE#         684
  C:181DH         LINE#         685
  C:181EH         LINE#         686
  C:181FH         LINE#         687
  C:1820H         LINE#         690
  C:1823H         LINE#         691
  C:0008H         LINE#         716
  C:0009H         LINE#         737
  C:000AH         LINE#         760
  C:188DH         LINE#         774
  C:1890H         LINE#         777
  C:1893H         LINE#         780
  C:1896H         LINE#         783
  C:1897H         LINE#         784
  C:1899H         LINE#         788
  C:189BH         LINE#         790
  -------         ENDMOD        OS_CPU_C

  -------         MODULE        UCOS_II
  C:0A20H         SEGMENT       ?PR?_?OSINIT?UCOS_II
  C:189CH         SEGMENT       ?PR?_?OSINTENTER?UCOS_II
  C:147AH         SEGMENT       ?PR?_?OSINTEXIT?UCOS_II
  C:1360H         SEGMENT       ?PR?_?OSSCHED?UCOS_II
  C:187CH         SEGMENT       ?PR?_?OSSCHEDLOCK?UCOS_II
  C:1826H         SEGMENT       ?PR?_?OSSCHEDUNLOCK?UCOS_II
  C:14FFH         SEGMENT       ?PR?_?OSSTART?UCOS_II
  C:167FH         SEGMENT       ?PR?_?OSTASKIDLE?UCOS_II
  C:051EH         SEGMENT       ?PR?_?OSTCBINIT?UCOS_II
  C:0F88H         SEGMENT       ?PR?_?OSTIMETICK?UCOS_II
  C:0003H         SEGMENT       ?PR?_?OSVERSION?UCOS_II
  C:0020H         SEGMENT       ?PR?_?OSDUMMY?UCOS_II
  C:0DFAH         SEGMENT       ?PR?_?OSTASKCREATE?UCOS_II
  C:129EH         SEGMENT       ?PR?_?OSTASKQUERY?UCOS_II
  C:13EFH         SEGMENT       ?PR?_?OSTIMEDLY?UCOS_II
  C:0C28H         SEGMENT       ?PR?_?OSTIMEDLYHMSM?UCOS_II
  C:11ADH         SEGMENT       ?PR?_?OSTIMEDLYRESUME?UCOS_II
  C:175CH         SEGMENT       ?PR?_?OSTIMEGET?UCOS_II
  C:1852H         SEGMENT       ?PR?_?OSTIMESET?UCOS_II
  C:10A5H         SEGMENT       ?CO?UCOS_II
  X:0000H         SEGMENT       ?XD?UCOS_II
  I:000AH         SEGMENT       ?ID?UCOS_II
  X:0241H         PUBLIC        OSCTXSWCTR
  X:025BH         PUBLIC        OSEVENTFREELIST
  X:0245H         PUBLIC        OSEVENTTBL
  X:025EH         PUBLIC        OSIDLECTR
  X:01E4H         PUBLIC        OSINTNESTING
  X:0001H         PUBLIC        OSLOCKNESTING
  C:10A5H         PUBLIC        OSMAPTBL
  I:0011H         PUBLIC        OSPRIOCUR
  I:0012H         PUBLIC        OSPRIOHIGHRDY
BL51 BANKED LINKER/LOCATER V4.14                                                      05/04/2005  06:42:51  PAGE 15


  X:0000H         PUBLIC        OSRDYGRP
  X:05E7H         PUBLIC        OSRDYTBL
  I:000AH         PUBLIC        OSRUNNING
  X:0262H         PUBLIC        OSTASKCTR
  I:000BH         PUBLIC        OSTCBCUR
  X:01E1H         PUBLIC        OSTCBFREELIST
  I:000EH         PUBLIC        OSTCBHIGHRDY
  X:0002H         PUBLIC        OSTCBLIST
  X:01E9H         PUBLIC        OSTCBPRIOTBL
  X:01E5H         PUBLIC        OSTIME
  C:10ADH         PUBLIC        OSUNMAPTBL
  C:0A20H         PUBLIC        _?OSINIT
  C:189CH         PUBLIC        _?OSINTENTER
  C:147AH         PUBLIC        _?OSINTEXIT
  C:1360H         PUBLIC        _?OSSCHED
  C:187CH         PUBLIC        _?OSSCHEDLOCK
  C:1826H         PUBLIC        _?OSSCHEDUNLOCK
  C:14FFH         PUBLIC        _?OSSTART
  C:0DFAH         PUBLIC        _?OSTASKCREATE
  C:167FH         PUBLIC        _?OSTASKIDLE
  C:129EH         PUBLIC        _?OSTASKQUERY
  C:051EH         PUBLIC        _?OSTCBINIT
  C:13EFH         PUBLIC        _?OSTIMEDLY
  C:0C28H         PUBLIC        _?OSTIMEDLYHMSM
  C:11ADH         PUBLIC        _?OSTIMEDLYRESUME
  C:175CH         PUBLIC        _?OSTIMEGET
  C:1852H         PUBLIC        _?OSTIMESET
  C:0F88H         PUBLIC        _?OSTIMETICK
  C:0003H         PUBLIC        _?OSVERSION
  C:0A62H         SYMBOL        ?C0001
  C:0A95H         SYMBOL        ?C0002
  C:0ABEH         SYMBOL        ?C0004
  C:0AF8H         SYMBOL        ?C0005
  C:0B02H         SYMBOL        ?C0007
  C:0B58H         SYMBOL        ?C0008
  C:0B7AH         SYMBOL        ?C0010
  C:0BD0H         SYMBOL        ?C0011
  C:14FCH         SYMBOL        ?C0015
  C:13E7H         SYMBOL        ?C0018
  C:188CH         SYMBOL        ?C0022
  C:184FH         SYMBOL        ?C0024
  C:184CH         SYMBOL        ?C0025
  C:1851H         SYMBOL        ?C0028
  C:1567H         SYMBOL        ?C0030
  C:16A8H         SYMBOL        ?C0031
  C:079FH         SYMBOL        ?C0034
  C:0730H         SYMBOL        ?C0035
  C:07A3H         SYMBOL        ?C0036
  C:0FA9H         SYMBOL        ?C0038
  C:107CH         SYMBOL        ?C0039
  C:1055H         SYMBOL        ?C0040
  C:103DH         SYMBOL        ?C0042
  C:0007H         SYMBOL        ?C0045
  C:0E20H         SYMBOL        ?C0047
  C:0F82H         SYMBOL        ?C0048
  C:0F7EH         SYMBOL        ?C0049
  C:0F4EH         SYMBOL        ?C0050
BL51 BANKED LINKER/LOCATER V4.14                                                      05/04/2005  06:42:51  PAGE 16


  C:0F74H         SYMBOL        ?C0052
  C:12D0H         SYMBOL        ?C0054
  C:135AH         SYMBOL        ?C0055
  C:12EFH         SYMBOL        ?C0056
  C:1323H         SYMBOL        ?C0057
  C:145CH         SYMBOL        ?C0059
  C:1474H         SYMBOL        ?C0060
  C:0DF2H         SYMBOL        ?C0061
  C:0C7FH         SYMBOL        ?C0062
  C:0C91H         SYMBOL        ?C0063
  C:0DF4H         SYMBOL        ?C0064
  C:0CA2H         SYMBOL        ?C0065
  C:0CB9H         SYMBOL        ?C0066
  C:0DBFH         SYMBOL        ?C0067
  C:0DEEH         SYMBOL        ?C0068
  C:11CDH         SYMBOL        ?C0070
  C:1298H         SYMBOL        ?C0071
  C:1294H         SYMBOL        ?C0072
  C:128EH         SYMBOL        ?C0073
  C:1288H         SYMBOL        ?C0074
  C:128AH         SYMBOL        ?C0075
  C:178EH         SYMBOL        ?C0078
  B:00D0H.6       SYMBOL        AC
  D:00E0H         SYMBOL        ACC
  D:00F0H         SYMBOL        B
  B:00D0H.7       SYMBOL        CY
  D:0083H         SYMBOL        DPH
  D:0082H         SYMBOL        DPL
  B:00A8H.7       SYMBOL        EA
  B:00A8H.4       SYMBOL        ES
  B:00A8H.1       SYMBOL        ET0
  B:00A8H.3       SYMBOL        ET1
  B:00A8H.0       SYMBOL        EX0
  B:00A8H.2       SYMBOL        EX1
  B:00D0H.5       SYMBOL        F0
  D:00A8H         SYMBOL        IE
  B:0088H.1       SYMBOL        IE0
  B:0088H.3       SYMBOL        IE1
  B:00B0H.2       SYMBOL        INT0
  B:00B0H.3       SYMBOL        INT1
  D:00B8H         SYMBOL        IP
  B:0088H.0       SYMBOL        IT0
  B:0088H.2       SYMBOL        IT1
  X:0240H         SYMBOL        OSINTEXITY
  X:0263H         SYMBOL        OSTASKIDLESTK
  X:0005H         SYMBOL        OSTCBTBL
  B:00D0H.2       SYMBOL        OV
  B:00D0H.0       SYMBOL        P
  D:0080H         SYMBOL        P0
  D:0090H         SYMBOL        P1
  D:00A0H         SYMBOL        P2
  D:00B0H         SYMBOL        P3
  D:0087H         SYMBOL        PCON
  B:00B8H.4       SYMBOL        PS
  D:00D0H         SYMBOL        PSW
  B:00B8H.1       SYMBOL        PT0
  B:00B8H.3       SYMBOL        PT1
BL51 BANKED LINKER/LOCATER V4.14                                                      05/04/2005  06:42:51  PAGE 17


  B:00B8H.0       SYMBOL        PX0
  B:00B8H.2       SYMBOL        PX1
  B:0098H.2       SYMBOL        RB8
  B:00B0H.7       SYMBOL        RD
  B:0098H.4       SYMBOL        REN
  B:0098H.0       SYMBOL        RI
  B:00D0H.3       SYMBOL        RS0
  B:00D0H.4       SYMBOL        RS1
  B:00B0H.0       SYMBOL        RXD
  D:0099H         SYMBOL        SBUF
  D:0098H         SYMBOL        SCON
  B:0098H.7       SYMBOL        SM0
  B:0098H.6       SYMBOL        SM1
  B:0098H.5       SYMBOL        SM2
  D:0081H         SYMBOL        SP
  B:00B0H.4       SYMBOL        T0
  B:00B0H.5       SYMBOL        T1
  B:0098H.3       SYMBOL        TB8
  D:0088H         SYMBOL        TCON
  B:0088H.5       SYMBOL        TF0
  B:0088H.7       SYMBOL        TF1
  D:008CH         SYMBOL        TH0
  D:008DH         SYMBOL        TH1
  B:0098H.1       SYMBOL        TI
  D:008AH         SYMBOL        TL0
  D:008BH         SYMBOL        TL1
  D:0089H         SYMBOL        TMOD
  B:0088H.4       SYMBOL        TR0
  B:0088H.6       SYMBOL        TR1
  B:00B0H.1       SYMBOL        TXD
  N:0000H         SYMBOL        UCOS_II
  B:00B0H.6       SYMBOL        WR
  C:0020H         SYMBOL        _?OSDUMMY
  C:0A20H         LINE#         680
  C:0A23H         LINE#         681
  C:0A26H         LINE#         688
  C:0A29H         LINE#         689
  C:0A30H         LINE#         696
  C:0A31H         LINE#         697
  C:0A34H         LINE#         698
  C:0A35H         LINE#         701
  C:0A38H         LINE#         702
  C:0A39H         LINE#         706
  C:0A3CH         LINE#         707
  C:0A3DH         LINE#         711
  C:0A3FH         LINE#         712
  C:0A40H         LINE#         715
  C:0A43H         LINE#         716
  C:0A4AH         LINE#         728
  C:0A4DH         LINE#         729
  C:0A54H         LINE#         736
  C:0A55H         LINE#         737
  C:0A58H         LINE#         738
  C:0A59H         LINE#         741
  C:0A5CH         LINE#         742
  C:0A5FH         LINE#         743
  C:0A60H         LINE#         744
BL51 BANKED LINKER/LOCATER V4.14                                                      05/04/2005  06:42:51  PAGE 18


  C:0A61H         LINE#         745
  C:0A62H         LINE#         747
  C:0A65H         LINE#         748
  C:0A68H         LINE#         749
  C:0A69H         LINE#         750
  C:0A6AH         LINE#         751
  C:0A6BH         LINE#         752
  C:0A6CH         LINE#         753
  C:0A6DH         LINE#         754
  C:0A6FH         LINE#         755
  C:0A70H         LINE#         756
  C:0A72H         LINE#         757
  C:0A74H         LINE#         760
  C:0A77H         LINE#         761
  C:0A7AH         LINE#         762
  C:0A7BH         LINE#         763
  C:0A7CH         LINE#         764
  C:0A7EH         LINE#         765
  C:0A80H         LINE#         766
  C:0A81H         LINE#         767
  C:0A83H         LINE#         768
  C:0A85H         LINE#         769
  C:0A86H         LINE#         770
  C:0A87H         LINE#         773
  C:0A8AH         LINE#         774
  C:0A8DH         LINE#         775
  C:0A90H         LINE#         776
  C:0A93H         LINE#         777
  C:0A95H         LINE#         782
  C:0A96H         LINE#         783
  C:0A98H         LINE#         784
  C:0A99H         LINE#         787
  C:0A9AH         LINE#         788
  C:0A9BH         LINE#         791
  C:0A9DH         LINE#         792
  C:0A9EH         LINE#         793
  C:0A9FH         LINE#         794
  C:0AA0H         LINE#         795
  C:0AA1H         LINE#         796
  C:0AA2H         LINE#         799
  C:0AA4H         LINE#         800
  C:0AA5H         LINE#         801
  C:0AA6H         LINE#         802
  C:0AA7H         LINE#         803
  C:0AA8H         LINE#         804
  C:0AA9H         LINE#         807
  C:0AAAH         LINE#         808
  C:0AADH         LINE#         809
  C:0AAEH         LINE#         810
  C:0AAFH         LINE#         811
  C:0AB0H         LINE#         812
  C:0AB1H         LINE#         813
  C:0AB2H         LINE#         814
  C:0AB3H         LINE#         815
  C:0AB4H         LINE#         818
  C:0AB7H         LINE#         819
  C:0ABAH         LINE#         820
BL51 BANKED LINKER/LOCATER V4.14                                                      05/04/2005  06:42:51  PAGE 19


  C:0ABBH         LINE#         821
  C:0ABCH         LINE#         822
  C:0ABDH         LINE#         823
  C:0ABEH         LINE#         825
  C:0AC1H         LINE#         826
  C:0AC4H         LINE#         827
  C:0AC5H         LINE#         828
  C:0AC6H         LINE#         829
  C:0AC7H         LINE#         830
  C:0AC8H         LINE#         831
  C:0AC9H         LINE#         832
  C:0ACAH         LINE#         833
  C:0ACCH         LINE#         834
  C:0ACDH         LINE#         835
  C:0ACFH         LINE#         836
  C:0AD1H         LINE#         839
  C:0AD4H         LINE#         840
  C:0AD7H         LINE#         841
  C:0AD8H         LINE#         842
  C:0ADBH         LINE#         843
  C:0ADCH         LINE#         844
  C:0ADFH         LINE#         845
  C:0AE0H         LINE#         846
  C:0AE2H         LINE#         847
  C:0AE4H         LINE#         848
  C:0AE5H         LINE#         849
  C:0AE6H         LINE#         850
  C:0AE7H         LINE#         851
  C:0AE8H         LINE#         852
  C:0AE9H         LINE#         853
  C:0AEAH         LINE#         856
  C:0AEDH         LINE#         857
  C:0AF0H         LINE#         858
  C:0AF3H         LINE#         859
  C:0AF6H         LINE#         860
  C:0AF8H         LINE#         864
  C:0AFBH         LINE#         865
  C:0AFEH         LINE#         866
  C:0AFFH         LINE#         867
  C:0B00H         LINE#         868
  C:0B01H         LINE#         869
  C:0B02H         LINE#         871
  C:0B05H         LINE#         872
  C:0B08H         LINE#         873
  C:0B09H         LINE#         874
  C:0B0AH         LINE#         875
  C:0B0BH         LINE#         876
  C:0B0CH         LINE#         877
  C:0B0DH         LINE#         878
  C:0B0EH         LINE#         879
  C:0B10H         LINE#         880
  C:0B11H         LINE#         881
  C:0B13H         LINE#         882
  C:0B15H         LINE#         885
  C:0B17H         LINE#         886
  C:0B19H         LINE#         887
  C:0B1CH         LINE#         888
BL51 BANKED LINKER/LOCATER V4.14                                                      05/04/2005  06:42:51  PAGE 20


  C:0B1EH         LINE#         889
  C:0B1FH         LINE#         890
  C:0B20H         LINE#         891
  C:0B22H         LINE#         892
  C:0B23H         LINE#         893
  C:0B24H         LINE#         894
  C:0B27H         LINE#         895
  C:0B2AH         LINE#         896
  C:0B2BH         LINE#         897
  C:0B2CH         LINE#         898
  C:0B2DH         LINE#         899
  C:0B2EH         LINE#         900
  C:0B31H         LINE#         901
  C:0B34H         LINE#         902
  C:0B37H         LINE#         903
  C:0B38H         LINE#         904
  C:0B3BH         LINE#         905
  C:0B3CH         LINE#         906
  C:0B3EH         LINE#         907
  C:0B40H         LINE#         908
  C:0B42H         LINE#         909
  C:0B43H         LINE#         910
  C:0B44H         LINE#         911
  C:0B45H         LINE#         912
  C:0B46H         LINE#         913
  C:0B47H         LINE#         914
  C:0B48H         LINE#         915
  C:0B49H         LINE#         918
  C:0B4CH         LINE#         919
  C:0B4FH         LINE#         920
  C:0B50H         LINE#         921
  C:0B53H         LINE#         922
  C:0B56H         LINE#         923
  C:0B58H         LINE#         927
  C:0B5BH         LINE#         928
  C:0B5CH         LINE#         929
  C:0B5DH         LINE#         930
  C:0B5EH         LINE#         931
  C:0B5FH         LINE#         932
  C:0B60H         LINE#         933
  C:0B61H         LINE#         936
  C:0B63H         LINE#         937
  C:0B66H         LINE#         938
  C:0B67H         LINE#         939
  C:0B68H         LINE#         940
  C:0B69H         LINE#         941
  C:0B6BH         LINE#         942
  C:0B6CH         LINE#         943
  C:0B6DH         LINE#         944
  C:0B6FH         LINE#         945
  C:0B70H         LINE#         950
  C:0B73H         LINE#         951
  C:0B76H         LINE#         952
  C:0B77H         LINE#         953
  C:0B78H         LINE#         954
  C:0B79H         LINE#         955
  C:0B7AH         LINE#         957
BL51 BANKED LINKER/LOCATER V4.14                                                      05/04/2005  06:42:51  PAGE 21


  C:0B7DH         LINE#         958
  C:0B80H         LINE#         959
  C:0B81H         LINE#         960
  C:0B82H         LINE#         961
  C:0B83H         LINE#         962
  C:0B84H         LINE#         963
  C:0B85H         LINE#         964
  C:0B86H         LINE#         965
  C:0B88H         LINE#         966
  C:0B89H         LINE#         967
  C:0B8BH         LINE#         968
  C:0B8DH         LINE#         971
  C:0B8FH         LINE#         972
  C:0B91H         LINE#         973
  C:0B94H         LINE#         974
  C:0B96H         LINE#         975
  C:0B97H         LINE#         976
  C:0B98H         LINE#         977
  C:0B9AH         LINE#         978
  C:0B9BH         LINE#         979
  C:0B9CH         LINE#         980
  C:0B9FH         LINE#         981
  C:0BA2H         LINE#         982
  C:0BA3H         LINE#         983
  C:0BA4H         LINE#         984
  C:0BA5H         LINE#         985
  C:0BA6H         LINE#         986
  C:0BA9H         LINE#         987
  C:0BACH         LINE#         988
  C:0BAFH         LINE#         989
  C:0BB0H         LINE#         990
  C:0BB3H         LINE#         991
  C:0BB4H         LINE#         992
  C:0BB6H         LINE#         993
  C:0BB8H         LINE#         994
  C:0BBAH         LINE#         995
  C:0BBBH         LINE#         996
  C:0BBCH         LINE#         997
  C:0BBDH         LINE#         998
  C:0BBEH         LINE#         999
  C:0BBFH         LINE#         1000
  C:0BC0H         LINE#         1001
  C:0BC1H         LINE#         1004
  C:0BC4H         LINE#         1005
  C:0BC7H         LINE#         1006
  C:0BC8H         LINE#         1007
  C:0BCBH         LINE#         1008
  C:0BCEH         LINE#         1009
  C:0BD0H         LINE#         1013
  C:0BD3H         LINE#         1014
  C:0BD4H         LINE#         1015
  C:0BD5H         LINE#         1016
  C:0BD6H         LINE#         1017
  C:0BD7H         LINE#         1018
  C:0BD8H         LINE#         1019
  C:0BD9H         LINE#         1022
  C:0BDBH         LINE#         1023
BL51 BANKED LINKER/LOCATER V4.14                                                      05/04/2005  06:42:51  PAGE 22


  C:0BDEH         LINE#         1024
  C:0BDFH         LINE#         1025
  C:0BE0H         LINE#         1026
  C:0BE1H         LINE#         1027
  C:0BE3H         LINE#         1028
  C:0BE4H         LINE#         1029
  C:0BE5H         LINE#         1030
  C:0BE7H         LINE#         1031
  C:0BE8H         LINE#         1070
  C:0BEBH         LINE#         1071
  C:0BEEH         LINE#         1072
  C:0BF0H         LINE#         1073
  C:0BF1H         LINE#         1074
  C:0BF3H         LINE#         1075
  C:0BF5H         LINE#         1076
  C:0BF7H         LINE#         1077
  C:0BFAH         LINE#         1078
  C:0BFDH         LINE#         1079
  C:0BFEH         LINE#         1080
  C:0BFFH         LINE#         1081
  C:0C00H         LINE#         1082
  C:0C01H         LINE#         1083
  C:0C02H         LINE#         1084
  C:0C03H         LINE#         1085
  C:0C04H         LINE#         1086
  C:0C05H         LINE#         1087
  C:0C07H         LINE#         1088
  C:0C09H         LINE#         1089
  C:0C0BH         LINE#         1090
  C:0C0EH         LINE#         1091
  C:0C11H         LINE#         1092
  C:0C12H         LINE#         1093
  C:0C13H         LINE#         1094
  C:0C14H         LINE#         1095
  C:0C15H         LINE#         1096
  C:0C16H         LINE#         1097
  C:0C17H         LINE#         1098
  C:0C18H         LINE#         1099
  C:0C19H         LINE#         1100
  C:0C1BH         LINE#         1101
  C:0C1DH         LINE#         1102
  C:0C1FH         LINE#         1103
  C:0C22H         LINE#         1146
  C:0C25H         LINE#         1147
  C:189CH         LINE#         1182
  C:189EH         LINE#         1185
  C:18A1H         LINE#         1186
  C:18A2H         LINE#         1187
  C:18A3H         LINE#         1188
  C:18A4H         LINE#         1191
  C:18A6H         LINE#         1194
  C:147AH         LINE#         1226
  C:147CH         LINE#         1229
  C:147FH         LINE#         1230
  C:1480H         LINE#         1231
  C:1481H         LINE#         1232
  C:1484H         LINE#         1233
BL51 BANKED LINKER/LOCATER V4.14                                                      05/04/2005  06:42:51  PAGE 23


  C:1485H         LINE#         1234
  C:1486H         LINE#         1235
  C:1487H         LINE#         1236
  C:1488H         LINE#         1237
  C:1489H         LINE#         1238
  C:148AH         LINE#         1239
  C:148CH         LINE#         1242
  C:148FH         LINE#         1243
  C:1490H         LINE#         1244
  C:1493H         LINE#         1245
  C:1494H         LINE#         1246
  C:1497H         LINE#         1247
  C:1498H         LINE#         1250
  C:1499H         LINE#         1251
  C:149AH         LINE#         1252
  C:149CH         LINE#         1253
  C:149EH         LINE#         1254
  C:149FH         LINE#         1255
  C:14A1H         LINE#         1256
  C:14A3H         LINE#         1257
  C:14A4H         LINE#         1258
  C:14A7H         LINE#         1259
  C:14A8H         LINE#         1260
  C:14A9H         LINE#         1261
  C:14AAH         LINE#         1262
  C:14ABH         LINE#         1263
  C:14ACH         LINE#         1264
  C:14ADH         LINE#         1265
  C:14AFH         LINE#         1266
  C:14B0H         LINE#         1267
  C:14B1H         LINE#         1268
  C:14B2H         LINE#         1269
  C:14B3H         LINE#         1270
  C:14B5H         LINE#         1271
  C:14B6H         LINE#         1274
  C:14B7H         LINE#         1275
  C:14B8H         LINE#         1276
  C:14B9H         LINE#         1277
  C:14BBH         LINE#         1280
  C:14BCH         LINE#         1281
  C:14BDH         LINE#         1282
  C:14C0H         LINE#         1283
  C:14C1H         LINE#         1284
  C:14C3H         LINE#         1285
  C:14C5H         LINE#         1286
  C:14C6H         LINE#         1287
  C:14C8H         LINE#         1288
  C:14CAH         LINE#         1289
  C:14CBH         LINE#         1290
  C:14CCH         LINE#         1291
  C:14CDH         LINE#         1292
  C:14CEH         LINE#         1293
  C:14CFH         LINE#         1294
  C:14D0H         LINE#         1295
  C:14D1H         LINE#         1296
  C:14D3H         LINE#         1297
  C:14D5H         LINE#         1298
BL51 BANKED LINKER/LOCATER V4.14                                                      05/04/2005  06:42:51  PAGE 24


  C:14D6H         LINE#         1299
  C:14D8H         LINE#         1300
  C:14D9H         LINE#         1301
  C:14DAH         LINE#         1304
  C:14DDH         LINE#         1305
  C:14DEH         LINE#         1306
  C:14DFH         LINE#         1307
  C:14E0H         LINE#         1308
  C:14E1H         LINE#         1309
  C:14E2H         LINE#         1310
  C:14E3H         LINE#         1311
  C:14E4H         LINE#         1312
  C:14E5H         LINE#         1313
  C:14E6H         LINE#         1314
  C:14E7H         LINE#         1315
  C:14E9H         LINE#         1316
  C:14EAH         LINE#         1317
  C:14EBH         LINE#         1318
  C:14ECH         LINE#         1319
  C:14EDH         LINE#         1320
  C:14EEH         LINE#         1321
  C:14EFH         LINE#         1322
  C:14F0H         LINE#         1323
  C:14F1H         LINE#         1324
  C:14F2H         LINE#         1325
  C:14F3H         LINE#         1326
  C:14F6H         LINE#         1327
  C:14F9H         LINE#         1330
  C:14FCH         LINE#         1338
  C:14FEH         LINE#         1341
  C:1360H         LINE#         1368
  C:1363H         LINE#         1369
  C:1366H         LINE#         1376
  C:1368H         LINE#         1379
  C:136BH         LINE#         1380
  C:136CH         LINE#         1381
  C:136DH         LINE#         1382
  C:1370H         LINE#         1383
  C:1371H         LINE#         1384
  C:1372H         LINE#         1385
  C:1374H         LINE#         1388
  C:1377H         LINE#         1389
  C:1378H         LINE#         1390
  C:137BH         LINE#         1391
  C:137CH         LINE#         1392
  C:137FH         LINE#         1393
  C:1382H         LINE#         1394
  C:1383H         LINE#         1397
  C:1384H         LINE#         1398
  C:1385H         LINE#         1399
  C:1387H         LINE#         1400
  C:1389H         LINE#         1401
  C:138AH         LINE#         1402
  C:138CH         LINE#         1403
  C:138EH         LINE#         1404
  C:138FH         LINE#         1405
  C:1392H         LINE#         1406
BL51 BANKED LINKER/LOCATER V4.14                                                      05/04/2005  06:42:51  PAGE 25


  C:1393H         LINE#         1407
  C:1394H         LINE#         1408
  C:1395H         LINE#         1409
  C:1396H         LINE#         1410
  C:1397H         LINE#         1411
  C:1398H         LINE#         1412
  C:139AH         LINE#         1413
  C:139BH         LINE#         1414
  C:139CH         LINE#         1415
  C:139DH         LINE#         1416
  C:139EH         LINE#         1417
  C:13A0H         LINE#         1418
  C:13A1H         LINE#         1421
  C:13A2H         LINE#         1422
  C:13A3H         LINE#         1423
  C:13A4H         LINE#         1424
  C:13A6H         LINE#         1427
  C:13A7H         LINE#         1428
  C:13A8H         LINE#         1429
  C:13ABH         LINE#         1430
  C:13ACH         LINE#         1431
  C:13AEH         LINE#         1432
  C:13B0H         LINE#         1433
  C:13B1H         LINE#         1434
  C:13B3H         LINE#         1435
  C:13B5H         LINE#         1436
  C:13B6H         LINE#         1437
  C:13B7H         LINE#         1438
  C:13B8H         LINE#         1439
  C:13B9H         LINE#         1440
  C:13BAH         LINE#         1441
  C:13BBH         LINE#         1442
  C:13BCH         LINE#         1443
  C:13BEH         LINE#         1444
  C:13C0H         LINE#         1445
  C:13C1H         LINE#         1446
  C:13C3H         LINE#         1447
  C:13C4H         LINE#         1448
  C:13C5H         LINE#         1451
  C:13C8H         LINE#         1452
  C:13C9H         LINE#         1453
  C:13CAH         LINE#         1454
  C:13CBH         LINE#         1455
  C:13CCH         LINE#         1456
  C:13CDH         LINE#         1457
  C:13CEH         LINE#         1458
  C:13CFH         LINE#         1459
  C:13D0H         LINE#         1460
  C:13D1H         LINE#         1461
  C:13D2H         LINE#         1462
  C:13D4H         LINE#         1463
  C:13D5H         LINE#         1464
  C:13D6H         LINE#         1465
  C:13D7H         LINE#         1466
  C:13D8H         LINE#         1467
  C:13D9H         LINE#         1468
  C:13DAH         LINE#         1469
BL51 BANKED LINKER/LOCATER V4.14                                                      05/04/2005  06:42:51  PAGE 26


  C:13DBH         LINE#         1470
  C:13DCH         LINE#         1471
  C:13DDH         LINE#         1472
  C:13DEH         LINE#         1473
  C:13E1H         LINE#         1474
  C:13E4H         LINE#         1477
  C:13E7H         LINE#         1485
  C:13E9H         LINE#         1488
  C:13ECH         LINE#         1489
  C:187CH         LINE#         1518
  C:187EH         LINE#         1519
  C:187FH         LINE#         1520
  C:1882H         LINE#         1523
  C:1884H         LINE#         1526
  C:1887H         LINE#         1527
  C:1888H         LINE#         1528
  C:1889H         LINE#         1529
  C:188AH         LINE#         1532
  C:188CH         LINE#         1538
  C:1826H         LINE#         1566
  C:1828H         LINE#         1567
  C:1829H         LINE#         1568
  C:182BH         LINE#         1569
  C:182DH         LINE#         1572
  C:182FH         LINE#         1575
  C:1832H         LINE#         1576
  C:1833H         LINE#         1577
  C:1834H         LINE#         1578
  C:1836H         LINE#         1579
  C:1838H         LINE#         1582
  C:1839H         LINE#         1583
  C:183AH         LINE#         1584
  C:183BH         LINE#         1587
  C:183EH         LINE#         1588
  C:183FH         LINE#         1589
  C:1840H         LINE#         1590
  C:1843H         LINE#         1591
  C:1844H         LINE#         1592
  C:1845H         LINE#         1593
  C:1847H         LINE#         1596
  C:1849H         LINE#         1599
  C:184CH         LINE#         1605
  C:184EH         LINE#         1610
  C:184FH         LINE#         1614
  C:1851H         LINE#         1622
  C:14FFH         LINE#         1650
  C:1502H         LINE#         1651
  C:1505H         LINE#         1659
  C:1507H         LINE#         1660
  C:1508H         LINE#         1661
  C:150AH         LINE#         1664
  C:150DH         LINE#         1665
  C:150EH         LINE#         1666
  C:1511H         LINE#         1667
  C:1512H         LINE#         1668
  C:1515H         LINE#         1669
  C:1518H         LINE#         1670
BL51 BANKED LINKER/LOCATER V4.14                                                      05/04/2005  06:42:51  PAGE 27


  C:1519H         LINE#         1673
  C:151AH         LINE#         1674
  C:151BH         LINE#         1675
  C:151DH         LINE#         1676
  C:151FH         LINE#         1677
  C:1520H         LINE#         1678
  C:1522H         LINE#         1679
  C:1524H         LINE#         1680
  C:1525H         LINE#         1681
  C:1528H         LINE#         1682
  C:1529H         LINE#         1683
  C:152AH         LINE#         1684
  C:152DH         LINE#         1685
  C:1530H         LINE#         1686
  C:1531H         LINE#         1687
  C:1532H         LINE#         1690
  C:1533H         LINE#         1691
  C:1534H         LINE#         1692
  C:1535H         LINE#         1693
  C:1536H         LINE#         1694
  C:1538H         LINE#         1695
  C:1539H         LINE#         1696
  C:153BH         LINE#         1697
  C:153CH         LINE#         1700
  C:153DH         LINE#         1701
  C:153EH         LINE#         1704
  C:1541H         LINE#         1705
  C:1542H         LINE#         1706
  C:1544H         LINE#         1707
  C:1546H         LINE#         1708
  C:1547H         LINE#         1709
  C:1549H         LINE#         1710
  C:154BH         LINE#         1711
  C:154CH         LINE#         1712
  C:154DH         LINE#         1713
  C:154EH         LINE#         1714
  C:154FH         LINE#         1715
  C:1550H         LINE#         1716
  C:1551H         LINE#         1717
  C:1552H         LINE#         1718
  C:1554H         LINE#         1719
  C:1556H         LINE#         1720
  C:1557H         LINE#         1721
  C:1559H         LINE#         1722
  C:155AH         LINE#         1723
  C:155BH         LINE#         1726
  C:155DH         LINE#         1727
  C:155FH         LINE#         1728
  C:1560H         LINE#         1729
  C:1562H         LINE#         1730
  C:1563H         LINE#         1731
  C:1564H         LINE#         1734
  C:1567H         LINE#         1740
  C:156AH         LINE#         1741
  C:167FH         LINE#         1799
  C:1682H         LINE#         1800
  C:1685H         LINE#         1801
BL51 BANKED LINKER/LOCATER V4.14                                                      05/04/2005  06:42:51  PAGE 28


  C:1686H         LINE#         1802
  C:1687H         LINE#         1803
  C:1688H         LINE#         1804
  C:1689H         LINE#         1805
  C:168AH         LINE#         1806
  C:168BH         LINE#         1807
  C:168CH         LINE#         1808
  C:168DH         LINE#         1812
  C:1690H         LINE#         1813
  C:1693H         LINE#         1814
  C:1694H         LINE#         1815
  C:1695H         LINE#         1816
  C:1696H         LINE#         1817
  C:1697H         LINE#         1818
  C:1698H         LINE#         1819
  C:1699H         LINE#         1820
  C:169AH         LINE#         1821
  C:169DH         LINE#         1822
  C:16A0H         LINE#         1823
  C:16A1H         LINE#         1824
  C:16A2H         LINE#         1825
  C:16A3H         LINE#         1826
  C:16A4H         LINE#         1827
  C:16A5H         LINE#         1828
  C:16A6H         LINE#         1829
  C:16A7H         LINE#         1830
  C:16A8H         LINE#         1836
  C:16AAH         LINE#         1839
  C:16ADH         LINE#         1840
  C:16AEH         LINE#         1841
  C:16AFH         LINE#         1842
  C:16B0H         LINE#         1843
  C:16B1H         LINE#         1844
  C:16B2H         LINE#         1845
  C:16B3H         LINE#         1846
  C:16B4H         LINE#         1847
  C:16B5H         LINE#         1848
  C:16B6H         LINE#         1849
  C:16B7H         LINE#         1850
  C:16B9H         LINE#         1851
  C:16BAH         LINE#         1852
  C:16BBH         LINE#         1853
  C:16BCH         LINE#         1854
  C:16BDH         LINE#         1855
  C:16BEH         LINE#         1856
  C:16BFH         LINE#         1857
  C:16C0H         LINE#         1858
  C:16C1H         LINE#         1859
  C:16C2H         LINE#         1860
  C:16C3H         LINE#         1861
  C:16C6H         LINE#         1862
  C:16C9H         LINE#         1865
  C:16CBH         LINE#         1868
  C:051EH         LINE#         1983
  C:0521H         LINE#         1984
  C:0524H         LINE#         1985
  C:0525H         LINE#         1986
BL51 BANKED LINKER/LOCATER V4.14                                                      05/04/2005  06:42:51  PAGE 29


  C:0526H         LINE#         1987
  C:0527H         LINE#         1988
  C:0528H         LINE#         1989
  C:0529H         LINE#         1990
  C:052AH         LINE#         1991
  C:052BH         LINE#         1992
  C:052CH         LINE#         1993
  C:052FH         LINE#         1994
  C:0532H         LINE#         1995
  C:0533H         LINE#         1996
  C:0534H         LINE#         1997
  C:0537H         LINE#         1998
  C:053AH         LINE#         2005
  C:053CH         LINE#         2008
  C:053FH         LINE#         2009
  C:0540H         LINE#         2010
  C:0541H         LINE#         2011
  C:0542H         LINE#         2012
  C:0543H         LINE#         2013
  C:0544H         LINE#         2014
  C:0545H         LINE#         2015
  C:0546H         LINE#         2016
  C:0549H         LINE#         2017
  C:054CH         LINE#         2018
  C:054DH         LINE#         2019
  C:054EH         LINE#         2020
  C:054FH         LINE#         2021
  C:0550H         LINE#         2022
  C:0551H         LINE#         2023
  C:0552H         LINE#         2024
  C:0553H         LINE#         2025
  C:0554H         LINE#         2028
  C:0557H         LINE#         2029
  C:055AH         LINE#         2030
  C:055BH         LINE#         2031
  C:055CH         LINE#         2032
  C:055DH         LINE#         2033
  C:055EH         LINE#         2034
  C:055FH         LINE#         2035
  C:0560H         LINE#         2036
  C:0561H         LINE#         2037
  C:0562H         LINE#         2038
  C:0563H         LINE#         2039
  C:0565H         LINE#         2040
  C:0568H         LINE#         2043
  C:056BH         LINE#         2044
  C:056EH         LINE#         2045
  C:056FH         LINE#         2046
  C:0570H         LINE#         2047
  C:0571H         LINE#         2048
  C:0572H         LINE#         2049
  C:0573H         LINE#         2050
  C:0574H         LINE#         2051
  C:0575H         LINE#         2052
  C:0576H         LINE#         2053
  C:0579H         LINE#         2054
  C:057CH         LINE#         2055
BL51 BANKED LINKER/LOCATER V4.14                                                      05/04/2005  06:42:51  PAGE 30


  C:057FH         LINE#         2056
  C:0580H         LINE#         2057
  C:0581H         LINE#         2058
  C:0582H         LINE#         2059
  C:0583H         LINE#         2060
  C:0584H         LINE#         2061
  C:0585H         LINE#         2062
  C:0586H         LINE#         2063
  C:0587H         LINE#         2066
  C:0589H         LINE#         2069
  C:058CH         LINE#         2070
  C:058FH         LINE#         2071
  C:0590H         LINE#         2072
  C:0591H         LINE#         2073
  C:0592H         LINE#         2074
  C:0593H         LINE#         2075
  C:0594H         LINE#         2076
  C:0595H         LINE#         2077
  C:0596H         LINE#         2078
  C:0597H         LINE#         2079
  C:0599H         LINE#         2080
  C:059BH         LINE#         2081
  C:059DH         LINE#         2082
  C:05A0H         LINE#         2083
  C:05A3H         LINE#         2084
  C:05A4H         LINE#         2085
  C:05A5H         LINE#         2086
  C:05A6H         LINE#         2087
  C:05A7H         LINE#         2088
  C:05A8H         LINE#         2089
  C:05A9H         LINE#         2090
  C:05AAH         LINE#         2091
  C:05ABH         LINE#         2092
  C:05AEH         LINE#         2095
  C:05B1H         LINE#         2096
  C:05B4H         LINE#         2097
  C:05B5H         LINE#         2098
  C:05B6H         LINE#         2099
  C:05B9H         LINE#         2100
  C:05BCH         LINE#         2101
  C:05BDH         LINE#         2102
  C:05BEH         LINE#         2103
  C:05BFH         LINE#         2104
  C:05C0H         LINE#         2105
  C:05C1H         LINE#         2106
  C:05C2H         LINE#         2107
  C:05C3H         LINE#         2108
  C:05C4H         LINE#         2109
  C:05C7H         LINE#         2110
  C:05C8H         LINE#         2111
  C:05CBH         LINE#         2114
  C:05CEH         LINE#         2115
  C:05CFH         LINE#         2116
  C:05D2H         LINE#         2119
  C:05D5H         LINE#         2120
  C:05D6H         LINE#         2121
  C:05D8H         LINE#         2122
BL51 BANKED LINKER/LOCATER V4.14                                                      05/04/2005  06:42:51  PAGE 31


  C:05DBH         LINE#         2133
  C:05DEH         LINE#         2134
  C:05E1H         LINE#         2135
  C:05E2H         LINE#         2136
  C:05E3H         LINE#         2137
  C:05E4H         LINE#         2138
  C:05E5H         LINE#         2139
  C:05E6H         LINE#         2140
  C:05E7H         LINE#         2141
  C:05E8H         LINE#         2142
  C:05E9H         LINE#         2143
  C:05ECH         LINE#         2144
  C:05EFH         LINE#         2145
  C:05F0H         LINE#         2146
  C:05F1H         LINE#         2147
  C:05F2H         LINE#         2148
  C:05F3H         LINE#         2149
  C:05F4H         LINE#         2150
  C:05F5H         LINE#         2151
  C:05F6H         LINE#         2152
  C:05F7H         LINE#         2155
  C:05FAH         LINE#         2156
  C:05FDH         LINE#         2157
  C:05FEH         LINE#         2158
  C:05FFH         LINE#         2159
  C:0600H         LINE#         2160
  C:0601H         LINE#         2161
  C:0602H         LINE#         2162
  C:0605H         LINE#         2163
  C:0608H         LINE#         2164
  C:0609H         LINE#         2165
  C:060AH         LINE#         2166
  C:060BH         LINE#         2167
  C:060CH         LINE#         2168
  C:060DH         LINE#         2171
  C:0610H         LINE#         2172
  C:0613H         LINE#         2173
  C:0614H         LINE#         2174
  C:0615H         LINE#         2175
  C:0616H         LINE#         2176
  C:0617H         LINE#         2177
  C:0618H         LINE#         2178
  C:0619H         LINE#         2179
  C:061AH         LINE#         2180
  C:061BH         LINE#         2181
  C:061EH         LINE#         2182
  C:0621H         LINE#         2183
  C:0622H         LINE#         2184
  C:0623H         LINE#         2185
  C:0624H         LINE#         2186
  C:0625H         LINE#         2187
  C:0626H         LINE#         2188
  C:0627H         LINE#         2189
  C:0628H         LINE#         2190
  C:0629H         LINE#         2193
  C:062CH         LINE#         2194
  C:062FH         LINE#         2195
BL51 BANKED LINKER/LOCATER V4.14                                                      05/04/2005  06:42:51  PAGE 32


  C:0630H         LINE#         2196
  C:0631H         LINE#         2197
  C:0632H         LINE#         2198
  C:0633H         LINE#         2199
  C:0634H         LINE#         2200
  C:0637H         LINE#         2201
  C:063AH         LINE#         2202
  C:063BH         LINE#         2203
  C:063CH         LINE#         2204
  C:063DH         LINE#         2205
  C:063EH         LINE#         2206
  C:063FH         LINE#         2209
  C:0642H         LINE#         2210
  C:0645H         LINE#         2211
  C:0646H         LINE#         2212
  C:0647H         LINE#         2213
  C:0648H         LINE#         2214
  C:0649H         LINE#         2215
  C:064AH         LINE#         2216
  C:064DH         LINE#         2217
  C:0650H         LINE#         2218
  C:0651H         LINE#         2219
  C:0652H         LINE#         2220
  C:0653H         LINE#         2221
  C:0654H         LINE#         2222
  C:0655H         LINE#         2231
  C:0656H         LINE#         2232
  C:0657H         LINE#         2233
  C:0658H         LINE#         2234
  C:0659H         LINE#         2235
  C:065BH         LINE#         2236
  C:065CH         LINE#         2237
  C:065FH         LINE#         2238
  C:0662H         LINE#         2239
  C:0663H         LINE#         2240
  C:0664H         LINE#         2241
  C:0665H         LINE#         2242
  C:0666H         LINE#         2243
  C:0667H         LINE#         2244
  C:0668H         LINE#         2245
  C:0669H         LINE#         2246
  C:066AH         LINE#         2247
  C:066DH         LINE#         2248
  C:066EH         LINE#         2249
  C:0671H         LINE#         2252
  C:0674H         LINE#         2253
  C:0677H         LINE#         2254
  C:067AH         LINE#         2255
  C:067BH         LINE#         2256
  C:067EH         LINE#         2257
  C:0681H         LINE#         2260
  C:0682H         LINE#         2261
  C:0684H         LINE#         2262
  C:0687H         LINE#         2263
  C:068AH         LINE#         2266
  C:068DH         LINE#         2267
  C:0690H         LINE#         2268
BL51 BANKED LINKER/LOCATER V4.14                                                      05/04/2005  06:42:51  PAGE 33


  C:0693H         LINE#         2269
  C:0694H         LINE#         2270
  C:0697H         LINE#         2271
  C:069AH         LINE#         2283
  C:069CH         LINE#         2286
  C:069FH         LINE#         2287
  C:06A2H         LINE#         2288
  C:06A3H         LINE#         2289
  C:06A6H         LINE#         2290
  C:06A7H         LINE#         2291
  C:06A9H         LINE#         2292
  C:06ABH         LINE#         2293
  C:06ACH         LINE#         2294
  C:06AEH         LINE#         2295
  C:06B0H         LINE#         2296
  C:06B1H         LINE#         2297
  C:06B2H         LINE#         2298
  C:06B3H         LINE#         2299
  C:06B4H         LINE#         2300
  C:06B5H         LINE#         2301
  C:06B6H         LINE#         2302
  C:06B7H         LINE#         2303
  C:06B8H         LINE#         2306
  C:06BBH         LINE#         2307
  C:06BCH         LINE#         2308
  C:06BDH         LINE#         2309
  C:06BEH         LINE#         2310
  C:06BFH         LINE#         2311
  C:06C0H         LINE#         2312
  C:06C1H         LINE#         2313
  C:06C2H         LINE#         2314
  C:06C3H         LINE#         2315
  C:06C5H         LINE#         2316
  C:06C7H         LINE#         2317
  C:06C9H         LINE#         2318
  C:06CCH         LINE#         2319
  C:06CFH         LINE#         2320
  C:06D0H         LINE#         2321
  C:06D1H         LINE#         2322
  C:06D2H         LINE#         2323
  C:06D3H         LINE#         2324
  C:06D4H         LINE#         2325
  C:06D5H         LINE#         2326
  C:06D6H         LINE#         2327
  C:06D7H         LINE#         2328
  C:06DAH         LINE#         2329
  C:06DDH         LINE#         2332
  C:06DFH         LINE#         2333
  C:06E1H         LINE#         2334
  C:06E3H         LINE#         2335
  C:06E5H         LINE#         2336
  C:06E7H         LINE#         2337
  C:06E9H         LINE#         2338
  C:06ECH         LINE#         2339
  C:06EFH         LINE#         2340
  C:06F0H         LINE#         2341
  C:06F1H         LINE#         2342
BL51 BANKED LINKER/LOCATER V4.14                                                      05/04/2005  06:42:51  PAGE 34


  C:06F2H         LINE#         2343
  C:06F3H         LINE#         2344
  C:06F4H         LINE#         2345
  C:06F5H         LINE#         2346
  C:06F6H         LINE#         2347
  C:06F7H         LINE#         2348
  C:06FAH         LINE#         2349
  C:06FDH         LINE#         2352
  C:0700H         LINE#         2353
  C:0701H         LINE#         2354
  C:0702H         LINE#         2355
  C:0703H         LINE#         2356
  C:0704H         LINE#         2357
  C:0705H         LINE#         2358
  C:0706H         LINE#         2359
  C:0707H         LINE#         2360
  C:0708H         LINE#         2361
  C:0709H         LINE#         2362
  C:070BH         LINE#         2365
  C:070EH         LINE#         2366
  C:0711H         LINE#         2367
  C:0712H         LINE#         2368
  C:0713H         LINE#         2369
  C:0714H         LINE#         2370
  C:0715H         LINE#         2371
  C:0716H         LINE#         2372
  C:0717H         LINE#         2373
  C:0718H         LINE#         2374
  C:0719H         LINE#         2375
  C:071BH         LINE#         2376
  C:071DH         LINE#         2377
  C:071FH         LINE#         2378
  C:0722H         LINE#         2379
  C:0723H         LINE#         2380
  C:0724H         LINE#         2381
  C:0725H         LINE#         2382
  C:0726H         LINE#         2383
  C:0727H         LINE#         2384
  C:0728H         LINE#         2385
  C:0729H         LINE#         2386
  C:072AH         LINE#         2387
  C:072DH         LINE#         2388
  C:0730H         LINE#         2394
  C:0733H         LINE#         2395
  C:0736H         LINE#         2396
  C:0737H         LINE#         2397
  C:0738H         LINE#         2398
  C:0739H         LINE#         2399
  C:073AH         LINE#         2400
  C:073BH         LINE#         2401
  C:073CH         LINE#         2402
  C:073DH         LINE#         2403
  C:0740H         LINE#         2404
  C:0741H         LINE#         2405
  C:0742H         LINE#         2406
  C:0743H         LINE#         2407
  C:0744H         LINE#         2408
BL51 BANKED LINKER/LOCATER V4.14                                                      05/04/2005  06:42:51  PAGE 35


  C:0745H         LINE#         2409
  C:0746H         LINE#         2410
  C:0747H         LINE#         2411
  C:0748H         LINE#         2414
  C:074BH         LINE#         2415
  C:074CH         LINE#         2416
  C:074DH         LINE#         2417
  C:0750H         LINE#         2418
  C:0753H         LINE#         2419
  C:0754H         LINE#         2420
  C:0755H         LINE#         2421
  C:0756H         LINE#         2422
  C:0757H         LINE#         2423
  C:0758H         LINE#         2424
  C:0759H         LINE#         2425
  C:075AH         LINE#         2426
  C:075BH         LINE#         2427
  C:075EH         LINE#         2428
  C:0761H         LINE#         2429
  C:0762H         LINE#         2430
  C:0763H         LINE#         2431
  C:0764H         LINE#         2432
  C:0767H         LINE#         2433
  C:0768H         LINE#         2436
  C:076BH         LINE#         2437
  C:076EH         LINE#         2438
  C:0770H         LINE#         2439
  C:0772H         LINE#         2440
  C:0773H         LINE#         2441
  C:0775H         LINE#         2442
  C:0777H         LINE#         2443
  C:0779H         LINE#         2444
  C:077BH         LINE#         2445
  C:077CH         LINE#         2446
  C:077DH         LINE#         2447
  C:0780H         LINE#         2448
  C:0783H         LINE#         2449
  C:0784H         LINE#         2450
  C:0785H         LINE#         2451
  C:0786H         LINE#         2452
  C:0787H         LINE#         2453
  C:0788H         LINE#         2454
  C:0789H         LINE#         2455
  C:078AH         LINE#         2456
  C:078BH         LINE#         2457
  C:078EH         LINE#         2458
  C:0791H         LINE#         2459
  C:0792H         LINE#         2460
  C:0793H         LINE#         2461
  C:0794H         LINE#         2462
  C:0796H         LINE#         2463
  C:0798H         LINE#         2464
  C:0799H         LINE#         2467
  C:079BH         LINE#         2470
  C:079DH         LINE#         2471
  C:079FH         LINE#         2477
  C:07A1H         LINE#         2480
BL51 BANKED LINKER/LOCATER V4.14                                                      05/04/2005  06:42:51  PAGE 36


  C:07A3H         LINE#         2486
  C:07A6H         LINE#         2487
  C:0F88H         LINE#         2511
  C:0F8BH         LINE#         2512
  C:0F8EH         LINE#         2519
  C:0F91H         LINE#         2522
  C:0F94H         LINE#         2523
  C:0F95H         LINE#         2524
  C:0F96H         LINE#         2525
  C:0F97H         LINE#         2526
  C:0F98H         LINE#         2527
  C:0F99H         LINE#         2528
  C:0F9AH         LINE#         2529
  C:0F9BH         LINE#         2530
  C:0F9EH         LINE#         2531
[...]
  C:0DC6H         LINE#         3589
  C:0DC7H         LINE#         3590
  C:0DC8H         LINE#         3591
  C:0DC9H         LINE#         3592
  C:0DCAH         LINE#         3593
  C:0DCCH         LINE#         3594
  C:0DCDH         LINE#         3595
  C:0DCFH         LINE#         3596
  C:0DD1H         LINE#         3598
  C:0DD3H         LINE#         3599
  C:0DD5H         LINE#         3600
  C:0DD8H         LINE#         3602
  C:0DDAH         LINE#         3603
  C:0DDCH         LINE#         3604
  C:0DDFH         LINE#         3606
  C:0DE2H         LINE#         3607
  C:0DE5H         LINE#         3608
  C:0DE7H         LINE#         3609
  C:0DE9H         LINE#         3610
  C:0DECH         LINE#         3612
  C:0DEEH         LINE#         3615
  C:0DF0H         LINE#         3616
  C:0DF2H         LINE#         3620
  C:0DF4H         LINE#         3624
  C:0DF7H         LINE#         3625
  C:11ADH         LINE#         3633
  C:11B0H         LINE#         3634
  C:11B3H         LINE#         3635
  C:11B4H         LINE#         3636
  C:11B5H         LINE#         3637
BL51 BANKED LINKER/LOCATER V4.14                                                      05/04/2005  06:42:51  PAGE 52


  C:11B8H         LINE#         3638
  C:11BBH         LINE#         3640
  C:11BEH         LINE#         3641
  C:11C1H         LINE#         3642
  C:11C2H         LINE#         3643
  C:11C3H         LINE#         3644
  C:11C4H         LINE#         3645
  C:11C6H         LINE#         3646
  C:11C8H         LINE#         3648
  C:11CAH         LINE#         3649
  C:11CDH         LINE#         3653
  C:11CFH         LINE#         3655
  C:11D0H         LINE#         3656
  C:11D3H         LINE#         3657
  C:11D4H         LINE#         3658
  C:11D6H         LINE#         3659
  C:11D8H         LINE#         3660
  C:11D9H         LINE#         3661
  C:11DBH         LINE#         3662
  C:11DDH         LINE#         3663
  C:11DEH         LINE#         3664
  C:11DFH         LINE#         3665
  C:11E0H         LINE#         3666
  C:11E1H         LINE#         3667
  C:11E2H         LINE#         3668
  C:11E3H         LINE#         3669
  C:11E4H         LINE#         3670
  C:11E7H         LINE#         3671
  C:11EAH         LINE#         3672
  C:11EBH         LINE#         3673
  C:11ECH         LINE#         3674
  C:11EDH         LINE#         3675
  C:11EEH         LINE#         3676
  C:11EFH         LINE#         3677
  C:11F0H         LINE#         3678
  C:11F1H         LINE#         3679
  C:11F2H         LINE#         3681
  C:11F5H         LINE#         3682
  C:11F8H         LINE#         3683
  C:11F9H         LINE#         3684
  C:11FAH         LINE#         3685
  C:11FBH         LINE#         3686
  C:11FCH         LINE#         3687
  C:11FDH         LINE#         3688
  C:11FEH         LINE#         3689
  C:11FFH         LINE#         3690
  C:1200H         LINE#         3691
  C:1201H         LINE#         3692
  C:1203H         LINE#         3693
  C:1206H         LINE#         3695
  C:1209H         LINE#         3696
  C:120CH         LINE#         3697
  C:120DH         LINE#         3698
  C:120EH         LINE#         3699
  C:120FH         LINE#         3700
  C:1210H         LINE#         3701
  C:1211H         LINE#         3702
BL51 BANKED LINKER/LOCATER V4.14                                                      05/04/2005  06:42:51  PAGE 53


  C:1212H         LINE#         3703
  C:1213H         LINE#         3704
  C:1214H         LINE#         3705
  C:1217H         LINE#         3706
  C:121AH         LINE#         3707
  C:121CH         LINE#         3708
  C:121EH         LINE#         3710
  C:1221H         LINE#         3711
  C:1222H         LINE#         3712
  C:1224H         LINE#         3713
  C:1227H         LINE#         3715
  C:122AH         LINE#         3716
  C:122DH         LINE#         3717
  C:1230H         LINE#         3719
  C:1233H         LINE#         3720
  C:1234H         LINE#         3721
  C:1235H         LINE#         3722
  C:1238H         LINE#         3723
  C:123BH         LINE#         3724
  C:123CH         LINE#         3725
  C:123DH         LINE#         3726
  C:123EH         LINE#         3727
  C:123FH         LINE#         3728
  C:1240H         LINE#         3729
  C:1241H         LINE#         3730
  C:1242H         LINE#         3731
  C:1243H         LINE#         3732
  C:1246H         LINE#         3733
  C:1249H         LINE#         3734
  C:124AH         LINE#         3735
  C:124BH         LINE#         3736
  C:124CH         LINE#         3737
  C:124FH         LINE#         3738
  C:1250H         LINE#         3740
  C:1253H         LINE#         3741
  C:1256H         LINE#         3742
  C:1258H         LINE#         3743
  C:125AH         LINE#         3744
  C:125BH         LINE#         3745
  C:125DH         LINE#         3746
  C:125FH         LINE#         3747
  C:1261H         LINE#         3748
  C:1263H         LINE#         3749
  C:1264H         LINE#         3750
  C:1265H         LINE#         3751
  C:1268H         LINE#         3752
  C:126BH         LINE#         3753
  C:126CH         LINE#         3754
  C:126DH         LINE#         3755
  C:126EH         LINE#         3756
  C:126FH         LINE#         3757
  C:1270H         LINE#         3758
  C:1271H         LINE#         3759
  C:1272H         LINE#         3760
  C:1273H         LINE#         3761
  C:1276H         LINE#         3762
  C:1279H         LINE#         3763
BL51 BANKED LINKER/LOCATER V4.14                                                      05/04/2005  06:42:51  PAGE 54


  C:127AH         LINE#         3764
  C:127BH         LINE#         3765
  C:127CH         LINE#         3766
  C:127EH         LINE#         3767
  C:1280H         LINE#         3768
  C:1281H         LINE#         3770
  C:1283H         LINE#         3772
  C:1286H         LINE#         3774
  C:1288H         LINE#         3777
  C:128AH         LINE#         3781
  C:128CH         LINE#         3782
  C:128EH         LINE#         3786
  C:1290H         LINE#         3788
  C:1292H         LINE#         3789
  C:1294H         LINE#         3794
  C:1296H         LINE#         3796
  C:1298H         LINE#         3800
  C:129BH         LINE#         3801
  C:175CH         LINE#         3809
  C:175FH         LINE#         3810
  C:1762H         LINE#         3812
  C:1764H         LINE#         3814
  C:1767H         LINE#         3815
  C:1768H         LINE#         3816
  C:1769H         LINE#         3817
  C:176AH         LINE#         3818
  C:176BH         LINE#         3819
  C:176CH         LINE#         3820
  C:176DH         LINE#         3821
  C:176EH         LINE#         3822
  C:176FH         LINE#         3823
  C:1770H         LINE#         3824
  C:1771H         LINE#         3825
  C:1772H         LINE#         3826
  C:1775H         LINE#         3827
  C:1778H         LINE#         3828
  C:177BH         LINE#         3830
  C:177DH         LINE#         3832
  C:1780H         LINE#         3833
  C:1783H         LINE#         3834
  C:1784H         LINE#         3835
  C:1785H         LINE#         3836
  C:1786H         LINE#         3837
  C:1787H         LINE#         3838
  C:1788H         LINE#         3839
  C:1789H         LINE#         3840
  C:178AH         LINE#         3841
  C:178BH         LINE#         3842
  C:178CH         LINE#         3843
  C:178DH         LINE#         3844
  C:178EH         LINE#         3847
  C:1791H         LINE#         3848
  C:1852H         LINE#         3856
  C:1855H         LINE#         3857
  C:1858H         LINE#         3858
  C:185BH         LINE#         3860
  C:185DH         LINE#         3862
BL51 BANKED LINKER/LOCATER V4.14                                                      05/04/2005  06:42:51  PAGE 55


  C:1860H         LINE#         3863
  C:1863H         LINE#         3864
  C:1864H         LINE#         3865
  C:1865H         LINE#         3866
  C:1866H         LINE#         3867
  C:1867H         LINE#         3868
  C:1868H         LINE#         3869
  C:1869H         LINE#         3870
  C:186AH         LINE#         3871
  C:186BH         LINE#         3872
  C:186CH         LINE#         3873
  C:186DH         LINE#         3874
  C:186EH         LINE#         3875
  C:1871H         LINE#         3876
  C:1874H         LINE#         3878
  C:1876H         LINE#         3880
  C:1879H         LINE#         3881
  -------         ENDMOD        UCOS_II

  -------         MODULE        OS_CPU_A
  C:162DH         SEGMENT       ?PR?OSSTARTHIGHRDY?OS_CPU_A
  C:156DH         SEGMENT       ?PR?OSCTXSW?OS_CPU_A
  C:18A7H         SEGMENT       ?PR?OSINTCTXSW?OS_CPU_A
  C:15D3H         SEGMENT       ?PR?OSTICKISR?OS_CPU_A
  C:16CDH         SEGMENT       ?PR?_?SERIAL?OS_CPU_A
  I:0013H         SEGMENT       ?STACK
  C:156DH         PUBLIC        OSCTXSW
  C:18A7H         PUBLIC        OSINTCTXSW
  C:162DH         PUBLIC        OSSTARTHIGHRDY
  C:15D3H         PUBLIC        OSTICKISR
  D:00E0H         SYMBOL        ACC
  D:00F0H         SYMBOL        B
  D:0083H         SYMBOL        DPH
  D:0082H         SYMBOL        DPL
  B:00A8H.7       SYMBOL        EA
  C:1630H         SYMBOL        OSCTXSW_IN
  C:158FH         SYMBOL        OSINTCTXSW_IN
  I:0013H         SYMBOL        OSSTACK
  I:0012H         SYMBOL        OSSTKSTART
  N:0000H         SYMBOL        OS_CPU_A
  D:00D0H         SYMBOL        PSW
  C:1646H         SYMBOL        RESTORE_STACK
  C:15ABH         SYMBOL        SAVE_STACK
  C:16CDH         SYMBOL        SERIALISR
  D:0081H         SYMBOL        SP
  D:008CH         SYMBOL        TH0
  D:008AH         SYMBOL        TL0
  B:0088H.4       SYMBOL        TR0
  C:162DH         LINE#         131
  C:1630H         LINE#         136
  C:1632H         LINE#         137
  C:1633H         LINE#         138
  C:1635H         LINE#         139
  C:1636H         LINE#         140
  C:1638H         LINE#         143
  C:1639H         LINE#         144
  C:163AH         LINE#         145
BL51 BANKED LINKER/LOCATER V4.14                                                      05/04/2005  06:42:51  PAGE 56


  C:163BH         LINE#         146
  C:163CH         LINE#         147
  C:163DH         LINE#         148
  C:163EH         LINE#         149
  C:1640H         LINE#         150
  C:1642H         LINE#         153
  C:1643H         LINE#         154
  C:1644H         LINE#         157
  C:1646H         LINE#         161
  C:1647H         LINE#         162
  C:1648H         LINE#         163
  C:1649H         LINE#         164
  C:164AH         LINE#         165
  C:164CH         LINE#         168
  C:164EH         LINE#         171
  C:164FH         LINE#         172
  C:1650H         LINE#         173
  C:1652H         LINE#         174
  C:1653H         LINE#         175
  C:1654H         LINE#         176
  C:1656H         LINE#         179
  C:1658H         LINE#         180
  C:165AH         LINE#         182
  C:167CH         LINE#         183
  C:167EH         LINE#         184
  C:156DH         LINE#         188
  C:158FH         LINE#         193
  C:1591H         LINE#         194
  C:1592H         LINE#         195
  C:1594H         LINE#         196
  C:1595H         LINE#         199
  C:1597H         LINE#         200
  C:1598H         LINE#         201
  C:159AH         LINE#         202
  C:159BH         LINE#         203
  C:159DH         LINE#         206
  C:159EH         LINE#         207
  C:159FH         LINE#         208
  C:15A0H         LINE#         209
  C:15A1H         LINE#         210
  C:15A2H         LINE#         211
  C:15A3H         LINE#         212
  C:15A5H         LINE#         213
  C:15A7H         LINE#         216
  C:15A8H         LINE#         217
  C:15A9H         LINE#         219
  C:15ABH         LINE#         222
  C:15ACH         LINE#         223
  C:15ADH         LINE#         224
  C:15AEH         LINE#         225
  C:15AFH         LINE#         226
  C:15B1H         LINE#         229
  C:15B2H         LINE#         230
  C:15B4H         LINE#         231
  C:15B5H         LINE#         232
  C:15B6H         LINE#         233
  C:15B8H         LINE#         234
BL51 BANKED LINKER/LOCATER V4.14                                                      05/04/2005  06:42:51  PAGE 57


  C:15B9H         LINE#         237
  C:15BCH         LINE#         240
  C:15BEH         LINE#         241
  C:15C0H         LINE#         242
  C:15C1H         LINE#         243
  C:15C2H         LINE#         244
  C:15C3H         LINE#         245
  C:15C4H         LINE#         246
  C:15C5H         LINE#         247
  C:15C6H         LINE#         248
  C:15C7H         LINE#         249
  C:15C8H         LINE#         250
  C:15C9H         LINE#         251
  C:15CAH         LINE#         254
  C:15CCH         LINE#         255
  C:15CEH         LINE#         256
  C:15CFH         LINE#         257
  C:15D0H         LINE#         259
  C:18A7H         LINE#         268
  C:18A9H         LINE#         269
  C:18AAH         LINE#         270
  C:18ACH         LINE#         271
  C:18AEH         LINE#         273
  C:000BH         LINE#         276
  C:15D3H         LINE#         282
  C:15D5H         LINE#         283
  C:15F7H         LINE#         284
  C:15FAH         LINE#         286
  C:15FCH         LINE#         287
  C:15FFH         LINE#         288
  C:1602H         LINE#         289
  C:1604H         LINE#         291
  C:1607H         LINE#         292
  C:160AH         LINE#         293
  C:162CH         LINE#         294
  C:0023H         LINE#         297
  C:16CDH         LINE#         303
  C:16CFH         LINE#         304
  C:16F1H         LINE#         305
  C:16F4H         LINE#         306
  C:16F6H         LINE#         307
  C:1718H         LINE#         308
  -------         ENDMOD        OS_CPU_A

  -------         MODULE        ?C_STARTUP
  C:000EH         SEGMENT       ?C_C51STARTUP
  I:0013H         SEGMENT       ?STACK
  C:0000H         PUBLIC        ?C_STARTUP
  D:00E0H         SYMBOL        ACC
  D:00F0H         SYMBOL        B
  D:0083H         SYMBOL        DPH
  D:0082H         SYMBOL        DPL
  N:0000H         SYMBOL        IBPSTACK
  N:0100H         SYMBOL        IBPSTACKTOP
  N:0080H         SYMBOL        IDATALEN
  C:0011H         SYMBOL        IDATALOOP
  N:0000H         SYMBOL        PBPSTACK
BL51 BANKED LINKER/LOCATER V4.14                                                      05/04/2005  06:42:51  PAGE 58


  N:0000H         SYMBOL        PBPSTACKTOP
  N:0000H         SYMBOL        PDATALEN
  N:0000H         SYMBOL        PDATASTART
  N:0000H         SYMBOL        PPAGE
  N:0000H         SYMBOL        PPAGEENABLE
  D:00A0H         SYMBOL        PPAGE_SFR
  D:0081H         SYMBOL        SP
  C:000EH         SYMBOL        STARTUP1
  N:0001H         SYMBOL        XBPSTACK
  N:8000H         SYMBOL        XBPSTACKTOP
  N:0000H         SYMBOL        XDATALEN
  N:0000H         SYMBOL        XDATASTART
  C:0000H         LINE#         92
  C:000EH         LINE#         99
  C:0010H         LINE#         100
  C:0011H         LINE#         101
  C:0012H         LINE#         102
  C:0014H         LINE#         142
  C:0017H         LINE#         143
  C:001AH         LINE#         151
  C:001DH         LINE#         155
  -------         ENDMOD        ?C_STARTUP

  -------         MODULE        ?C?COPY
  C:00F6H         PUBLIC        ?C?COPY
  -------         ENDMOD        ?C?COPY

  -------         MODULE        ?C?CLDOPTR
  C:011CH         PUBLIC        ?C?CLDOPTR
  -------         ENDMOD        ?C?CLDOPTR

  -------         MODULE        ?C?CSTPTR
  C:0149H         PUBLIC        ?C?CSTPTR
  -------         ENDMOD        ?C?CSTPTR

  -------         MODULE        ?C?CSTOPTR
  C:015BH         PUBLIC        ?C?CSTOPTR
  -------         ENDMOD        ?C?CSTOPTR

  -------         MODULE        ?C?IMUL
  C:017DH         PUBLIC        ?C?IMUL
  -------         ENDMOD        ?C?IMUL

  -------         MODULE        ?C?IILDX
  C:018FH         PUBLIC        ?C?IILDX
  -------         ENDMOD        ?C?IILDX

  -------         MODULE        ?C?ILDIX
  C:01A5H         PUBLIC        ?C?ILDIX
  -------         ENDMOD        ?C?ILDIX

  -------         MODULE        ?C?ILDOPTR
  C:01BBH         PUBLIC        ?C?ILDOPTR
  -------         ENDMOD        ?C?ILDOPTR

  -------         MODULE        ?C?IILDOPTR
  C:01F3H         PUBLIC        ?C?IILDOPTR
BL51 BANKED LINKER/LOCATER V4.14                                                      05/04/2005  06:42:51  PAGE 59


  -------         ENDMOD        ?C?IILDOPTR

  -------         MODULE        ?C?ISTOPTR
  C:0240H         PUBLIC        ?C?ISTOPTR
  -------         ENDMOD        ?C?ISTOPTR

  -------         MODULE        ?C?LMUL
  C:026DH         PUBLIC        ?C?LMUL
  -------         ENDMOD        ?C?LMUL

  -------         MODULE        ?C?ULDIV
  C:02F8H         PUBLIC        ?C?ULDIV
  -------         ENDMOD        ?C?ULDIV

  -------         MODULE        ?C?LSTXDATA
  C:038AH         PUBLIC        ?C?LSTXDATA
  -------         ENDMOD        ?C?LSTXDATA

  -------         MODULE        ?C?LSTKXDATA
  C:0396H         PUBLIC        ?C?LSTKXDATA
  -------         ENDMOD        ?C?LSTKXDATA

  -------         MODULE        ?C?OFFXADD
  C:03C7H         PUBLIC        ?C?OFFXADD
  -------         ENDMOD        ?C?OFFXADD

  -------         MODULE        ?C?PSTPTR
  C:03D3H         PUBLIC        ?C?PSTPTR
  -------         ENDMOD        ?C?PSTPTR

  -------         MODULE        ?C?PLDOPTR
  C:0422H         PUBLIC        ?C?PLDOPTR
  -------         ENDMOD        ?C?PLDOPTR

  -------         MODULE        ?C?PSTOPTR
  C:0452H         PUBLIC        ?C?PSTOPTR
  -------         ENDMOD        ?C?PSTOPTR

  -------         MODULE        ?C_XBP
  D:0008H         PUBLIC        ?C_XBP
  -------         ENDMOD        ?C_XBP

  -------         MODULE        ?C?ADDXBP
  C:04ABH         PUBLIC        ?C?ADDXBP
  -------         ENDMOD        ?C?ADDXBP

  -------         MODULE        ?C?XBPOFF
  C:04CFH         PUBLIC        ?C?XBPOFF
  -------         ENDMOD        ?C?XBPOFF

  -------         MODULE        ?C?PLDIDATA
  C:04DCH         PUBLIC        ?C?PLDIDATA
  -------         ENDMOD        ?C?PLDIDATA

  -------         MODULE        ?C?PSTIDATA
  C:04E5H         PUBLIC        ?C?PSTIDATA
  -------         ENDMOD        ?C?PSTIDATA
BL51 BANKED LINKER/LOCATER V4.14                                                      05/04/2005  06:42:51  PAGE 60



  -------         MODULE        ?C?PLDXDATA
  C:04EEH         PUBLIC        ?C?PLDXDATA
  -------         ENDMOD        ?C?PLDXDATA

  -------         MODULE        ?C?PSTXDATA
  C:04F7H         PUBLIC        ?C?PSTXDATA
  -------         ENDMOD        ?C?PSTXDATA

  -------         MODULE        ?C?PLDPDATA
  C:0500H         PUBLIC        ?C?PLDPDATA
  -------         ENDMOD        ?C?PLDPDATA

  -------         MODULE        ?C?PSTPDATA
  C:0509H         PUBLIC        ?C?PSTPDATA
  -------         ENDMOD        ?C?PSTPDATA

  -------         MODULE        ?C?PLDCODE
  C:0512H         PUBLIC        ?C?PLDCODE
  -------         ENDMOD        ?C?PLDCODE

*** WARNING L1: UNRESOLVED EXTERNAL SYMBOL
    SYMBOL:  _?TASKSTAR
    MODULE:  demo1.obj (DEMO1)

*** WARNING L2: REFERENCE MADE TO UNRESOLVED EXTERNAL
    SYMBOL:  _?TASKSTAR
    MODULE:  demo1.obj (DEMO1)
    ADDRESS: 1753H

*** WARNING L2: REFERENCE MADE TO UNRESOLVED EXTERNAL
    SYMBOL:  _?TASKSTAR
    MODULE:  demo1.obj (DEMO1)
    ADDRESS: 1755H

*** WARNING L1: UNRESOLVED EXTERNAL SYMBOL
    SYMBOL:  _?SERIAL
    MODULE:  OS_CPU_A.obj (OS_CPU_A)

*** WARNING L2: REFERENCE MADE TO UNRESOLVED EXTERNAL
    SYMBOL:  _?SERIAL
    MODULE:  OS_CPU_A.obj (OS_CPU_A)
    ADDRESS: 16F2H

LINK/LOCATE RUN COMPLETE.  5 WARNING(S),  0 ERROR(S)
